Component: ARM Compiler 5.06 update 6 (build 750) Tool: armlink [4d35ed]

==============================================================================

Section Cross References

    event_groups.o(i.vEventGroupClearBitsCallback) refers to event_groups.o(i.xEventGroupClearBits) for xEventGroupClearBits
    event_groups.o(i.vEventGroupDelete) refers to tasks.o(i.vTaskSuspendAll) for vTaskSuspendAll
    event_groups.o(i.vEventGroupDelete) refers to tasks.o(i.vTaskRemoveFromUnorderedEventList) for vTaskRemoveFromUnorderedEventList
    event_groups.o(i.vEventGroupDelete) refers to heap_4.o(i.vPortFree) for vPortFree
    event_groups.o(i.vEventGroupDelete) refers to tasks.o(i.xTaskResumeAll) for xTaskResumeAll
    event_groups.o(i.vEventGroupSetBitsCallback) refers to event_groups.o(i.xEventGroupSetBits) for xEventGroupSetBits
    event_groups.o(i.xEventGroupClearBits) refers to port.o(i.vPortEnterCritical) for vPortEnterCritical
    event_groups.o(i.xEventGroupClearBits) refers to port.o(i.vPortExitCritical) for vPortExitCritical
    event_groups.o(i.xEventGroupCreate) refers to heap_4.o(i.pvPortMalloc) for pvPortMalloc
    event_groups.o(i.xEventGroupCreate) refers to list.o(i.vListInitialise) for vListInitialise
    event_groups.o(i.xEventGroupSetBits) refers to tasks.o(i.vTaskSuspendAll) for vTaskSuspendAll
    event_groups.o(i.xEventGroupSetBits) refers to tasks.o(i.vTaskRemoveFromUnorderedEventList) for vTaskRemoveFromUnorderedEventList
    event_groups.o(i.xEventGroupSetBits) refers to tasks.o(i.xTaskResumeAll) for xTaskResumeAll
    event_groups.o(i.xEventGroupSync) refers to tasks.o(i.xTaskGetSchedulerState) for xTaskGetSchedulerState
    event_groups.o(i.xEventGroupSync) refers to tasks.o(i.vTaskSuspendAll) for vTaskSuspendAll
    event_groups.o(i.xEventGroupSync) refers to event_groups.o(i.xEventGroupSetBits) for xEventGroupSetBits
    event_groups.o(i.xEventGroupSync) refers to tasks.o(i.vTaskPlaceOnUnorderedEventList) for vTaskPlaceOnUnorderedEventList
    event_groups.o(i.xEventGroupSync) refers to tasks.o(i.xTaskResumeAll) for xTaskResumeAll
    event_groups.o(i.xEventGroupSync) refers to tasks.o(i.uxTaskResetEventItemValue) for uxTaskResetEventItemValue
    event_groups.o(i.xEventGroupSync) refers to port.o(i.vPortEnterCritical) for vPortEnterCritical
    event_groups.o(i.xEventGroupSync) refers to port.o(i.vPortExitCritical) for vPortExitCritical
    event_groups.o(i.xEventGroupWaitBits) refers to tasks.o(i.xTaskGetSchedulerState) for xTaskGetSchedulerState
    event_groups.o(i.xEventGroupWaitBits) refers to tasks.o(i.vTaskSuspendAll) for vTaskSuspendAll
    event_groups.o(i.xEventGroupWaitBits) refers to event_groups.o(i.prvTestWaitCondition) for prvTestWaitCondition
    event_groups.o(i.xEventGroupWaitBits) refers to tasks.o(i.vTaskPlaceOnUnorderedEventList) for vTaskPlaceOnUnorderedEventList
    event_groups.o(i.xEventGroupWaitBits) refers to tasks.o(i.xTaskResumeAll) for xTaskResumeAll
    event_groups.o(i.xEventGroupWaitBits) refers to tasks.o(i.uxTaskResetEventItemValue) for uxTaskResetEventItemValue
    event_groups.o(i.xEventGroupWaitBits) refers to port.o(i.vPortEnterCritical) for vPortEnterCritical
    event_groups.o(i.xEventGroupWaitBits) refers to port.o(i.vPortExitCritical) for vPortExitCritical
    queue.o(i.pcQueueGetName) refers to queue.o(.bss) for xQueueRegistry
    queue.o(i.prvCopyDataFromQueue) refers to rt_memcpy_v6.o(.text) for __aeabi_memcpy
    queue.o(i.prvCopyDataToQueue) refers to tasks.o(i.xTaskPriorityDisinherit) for xTaskPriorityDisinherit
    queue.o(i.prvCopyDataToQueue) refers to rt_memcpy_v6.o(.text) for __aeabi_memcpy
    queue.o(i.prvInitialiseMutex) refers to queue.o(i.xQueueGenericSend) for xQueueGenericSend
    queue.o(i.prvInitialiseNewQueue) refers to queue.o(i.xQueueGenericReset) for xQueueGenericReset
    queue.o(i.prvIsQueueEmpty) refers to port.o(i.vPortEnterCritical) for vPortEnterCritical
    queue.o(i.prvIsQueueEmpty) refers to port.o(i.vPortExitCritical) for vPortExitCritical
    queue.o(i.prvIsQueueFull) refers to port.o(i.vPortEnterCritical) for vPortEnterCritical
    queue.o(i.prvIsQueueFull) refers to port.o(i.vPortExitCritical) for vPortExitCritical
    queue.o(i.prvUnlockQueue) refers to port.o(i.vPortEnterCritical) for vPortEnterCritical
    queue.o(i.prvUnlockQueue) refers to tasks.o(i.xTaskRemoveFromEventList) for xTaskRemoveFromEventList
    queue.o(i.prvUnlockQueue) refers to tasks.o(i.vTaskMissedYield) for vTaskMissedYield
    queue.o(i.prvUnlockQueue) refers to port.o(i.vPortExitCritical) for vPortExitCritical
    queue.o(i.uxQueueMessagesWaiting) refers to port.o(i.vPortEnterCritical) for vPortEnterCritical
    queue.o(i.uxQueueMessagesWaiting) refers to port.o(i.vPortExitCritical) for vPortExitCritical
    queue.o(i.uxQueueSpacesAvailable) refers to port.o(i.vPortEnterCritical) for vPortEnterCritical
    queue.o(i.uxQueueSpacesAvailable) refers to port.o(i.vPortExitCritical) for vPortExitCritical
[...]
    i.SPI_I2S_ReceiveData                    0x08000c96   Section        0  stm32f4xx_spi.o(i.SPI_I2S_ReceiveData)
    i.SPI_I2S_SendData                       0x08000c9c   Section        0  stm32f4xx_spi.o(i.SPI_I2S_SendData)
    i.SPI_Init                               0x08000ca0   Section        0  stm32f4xx_spi.o(i.SPI_Init)
    i.SetSysClock                            0x08000cdc   Section        0  system_stm32f4xx.o(i.SetSysClock)
    SetSysClock                              0x08000cdd   Thumb Code   220  system_stm32f4xx.o(i.SetSysClock)
    i.SysTick_CLKSourceConfig                0x08000dc8   Section        0  misc.o(i.SysTick_CLKSourceConfig)
    i.SysTick_Handler                        0x08000df0   Section        0  delay.o(i.SysTick_Handler)
    i.SystemInit                             0x08000e00   Section        0  system_stm32f4xx.o(i.SystemInit)
    i.USART1_IRQHandler                      0x08000e68   Section        0  usart.o(i.USART1_IRQHandler)
    i.USART_Cmd                              0x08000ef0   Section        0  stm32f4xx_usart.o(i.USART_Cmd)
    i.USART_GetITStatus                      0x08000f08   Section        0  stm32f4xx_usart.o(i.USART_GetITStatus)
    i.USART_ITConfig                         0x08000f5c   Section        0  stm32f4xx_usart.o(i.USART_ITConfig)
    i.USART_Init                             0x08000fa8   Section        0  stm32f4xx_usart.o(i.USART_Init)
    i.USART_ReceiveData                      0x0800107c   Section        0  stm32f4xx_usart.o(i.USART_ReceiveData)
    i.UsageFault_Handler                     0x08001086   Section        0  stm32f4xx_it.o(i.UsageFault_Handler)
    i._sys_exit                              0x0800108a   Section        0  usart.o(i._sys_exit)
    i.create_start_task                      0x08001090   Section        0  start_task.o(i.create_start_task)
    i.dbus_show                              0x080010bc   Section        0  bsp_gui.o(i.dbus_show)
    i.delay_init                             0x080010c0   Section        0  delay.o(i.delay_init)
    i.delay_ms                               0x08001104   Section        0  delay.o(i.delay_ms)
    i.delay_us                               0x08001144   Section        0  delay.o(i.delay_us)
    i.get_adc_average                        0x0800118c   Section        0  bsp_adc.o(i.get_adc_average)
    i.get_oled_button_ad                     0x080011bc   Section        0  bsp_gui.o(i.get_oled_button_ad)
    i.get_real_adc_average                   0x08001298   Section        0  bsp_adc.o(i.get_real_adc_average)
    i.gui_lock                               0x08001308   Section        0  bsp_gui.o(i.gui_lock)
    i.gui_unlock_s                           0x08001314   Section        0  bsp_gui.o(i.gui_unlock_s)
    i.ina226_task3                           0x08001316   Section        0  bsp_gui.o(i.ina226_task3)
    i.interface_finger                       0x08001318   Section        0  bsp_gui.o(i.interface_finger)
    i.interface_main                         0x080013a4   Section        0  bsp_gui.o(i.interface_main)
    i.interface_second                       0x080014d8   Section        0  bsp_gui.o(i.interface_second)
    i.interface_task1                        0x08001520   Section        0  bsp_gui.o(i.interface_task1)
    i.interface_task2                        0x08001574   Section        0  bsp_gui.o(i.interface_task2)
    i.interface_task3                        0x080015c8   Section        0  bsp_gui.o(i.interface_task3)
    i.interface_task4                        0x0800161c   Section        0  bsp_gui.o(i.interface_task4)
    i.interface_task5                        0x08001634   Section        0  bsp_gui.o(i.interface_task5)
    i.interface_task6                        0x0800164c   Section        0  bsp_gui.o(i.interface_task6)
    i.interface_task7                        0x08001664   Section        0  bsp_gui.o(i.interface_task7)
    i.led0_task                              0x0800167c   Section        0  start_task.o(i.led0_task)
    i.led1_task                              0x08001690   Section        0  start_task.o(i.led1_task)
    i.main                                   0x080016c4   Section        0  main.o(i.main)
    i.mx_adc_init                            0x080016fc   Section        0  bsp_adc.o(i.mx_adc_init)
    i.mx_get_adc                             0x0800178c   Section        0  bsp_adc.o(i.mx_get_adc)
    i.mx_oled_init                           0x080017bc   Section        0  bsp_oled.o(i.mx_oled_init)
    i.mx_oled_io_init                        0x080018e0   Section        0  bsp_oled.o(i.mx_oled_io_init)
    i.mx_spi1_init                           0x0800191c   Section        0  bsp_spi.o(i.mx_spi1_init)
    i.oled_gui_init                          0x080019cc   Section        0  bsp_gui.o(i.oled_gui_init)
    i.oled_pow                               0x080019f4   Section        0  bsp_oled.o(i.oled_pow)
    i.prvAddCurrentTaskToDelayedList         0x08001a0c   Section        0  tasks.o(i.prvAddCurrentTaskToDelayedList)
    prvAddCurrentTaskToDelayedList           0x08001a0d   Thumb Code   124  tasks.o(i.prvAddCurrentTaskToDelayedList)
    i.prvAddNewTaskToReadyList               0x08001aa4   Section        0  tasks.o(i.prvAddNewTaskToReadyList)
    prvAddNewTaskToReadyList                 0x08001aa5   Thumb Code   156  tasks.o(i.prvAddNewTaskToReadyList)
    i.prvCheckForValidListAndQueue           0x08001b5c   Section        0  timers.o(i.prvCheckForValidListAndQueue)
    prvCheckForValidListAndQueue             0x08001b5d   Thumb Code    72  timers.o(i.prvCheckForValidListAndQueue)
    i.prvCheckTasksWaitingTermination        0x08001bc0   Section        0  tasks.o(i.prvCheckTasksWaitingTermination)
    prvCheckTasksWaitingTermination          0x08001bc1   Thumb Code    60  tasks.o(i.prvCheckTasksWaitingTermination)
    i.prvCopyDataFromQueue                   0x08001c08   Section        0  queue.o(i.prvCopyDataFromQueue)
    prvCopyDataFromQueue                     0x08001c09   Thumb Code    42  queue.o(i.prvCopyDataFromQueue)
    i.prvCopyDataToQueue                     0x08001c32   Section        0  queue.o(i.prvCopyDataToQueue)
    prvCopyDataToQueue                       0x08001c33   Thumb Code   126  queue.o(i.prvCopyDataToQueue)
    i.prvDeleteTCB                           0x08001cb0   Section        0  tasks.o(i.prvDeleteTCB)
    prvDeleteTCB                             0x08001cb1   Thumb Code    18  tasks.o(i.prvDeleteTCB)
    i.prvGetNextExpireTime                   0x08001cc4   Section        0  timers.o(i.prvGetNextExpireTime)
    prvGetNextExpireTime                     0x08001cc5   Thumb Code    36  timers.o(i.prvGetNextExpireTime)
    i.prvHeapInit                            0x08001cec   Section        0  heap_4.o(i.prvHeapInit)
    prvHeapInit                              0x08001ced   Thumb Code    98  heap_4.o(i.prvHeapInit)
    i.prvIdleTask                            0x08001d68   Section        0  tasks.o(i.prvIdleTask)
    prvIdleTask                              0x08001d69   Thumb Code    32  tasks.o(i.prvIdleTask)
    i.prvInitialiseNewQueue                  0x08001d90   Section        0  queue.o(i.prvInitialiseNewQueue)
    prvInitialiseNewQueue                    0x08001d91   Thumb Code    42  queue.o(i.prvInitialiseNewQueue)
    i.prvInitialiseNewTask                   0x08001dba   Section        0  tasks.o(i.prvInitialiseNewTask)
    prvInitialiseNewTask                     0x08001dbb   Thumb Code   190  tasks.o(i.prvInitialiseNewTask)
    i.prvInitialiseTaskLists                 0x08001e78   Section        0  tasks.o(i.prvInitialiseTaskLists)
    prvInitialiseTaskLists                   0x08001e79   Thumb Code    70  tasks.o(i.prvInitialiseTaskLists)
    i.prvInsertBlockIntoFreeList             0x08001ee0   Section        0  heap_4.o(i.prvInsertBlockIntoFreeList)
    prvInsertBlockIntoFreeList               0x08001ee1   Thumb Code    96  heap_4.o(i.prvInsertBlockIntoFreeList)
    i.prvInsertTimerInActiveList             0x08001f48   Section        0  timers.o(i.prvInsertTimerInActiveList)
    prvInsertTimerInActiveList               0x08001f49   Thumb Code    80  timers.o(i.prvInsertTimerInActiveList)
    i.prvIsQueueEmpty                        0x08001fa0   Section        0  queue.o(i.prvIsQueueEmpty)
    prvIsQueueEmpty                          0x08001fa1   Thumb Code    26  queue.o(i.prvIsQueueEmpty)
    i.prvIsQueueFull                         0x08001fba   Section        0  queue.o(i.prvIsQueueFull)
    prvIsQueueFull                           0x08001fbb   Thumb Code    30  queue.o(i.prvIsQueueFull)
    i.prvProcessExpiredTimer                 0x08001fd8   Section        0  timers.o(i.prvProcessExpiredTimer)
    prvProcessExpiredTimer                   0x08001fd9   Thumb Code   110  timers.o(i.prvProcessExpiredTimer)
    i.prvProcessReceivedCommands             0x0800204c   Section        0  timers.o(i.prvProcessReceivedCommands)
    prvProcessReceivedCommands               0x0800204d   Thumb Code   308  timers.o(i.prvProcessReceivedCommands)
    i.prvProcessTimerOrBlockTask             0x08002184   Section        0  timers.o(i.prvProcessTimerOrBlockTask)
    prvProcessTimerOrBlockTask               0x08002185   Thumb Code   102  timers.o(i.prvProcessTimerOrBlockTask)
    i.prvResetNextTaskUnblockTime            0x080021f8   Section        0  tasks.o(i.prvResetNextTaskUnblockTime)
    prvResetNextTaskUnblockTime              0x080021f9   Thumb Code    42  tasks.o(i.prvResetNextTaskUnblockTime)
    i.prvSampleTimeNow                       0x0800222c   Section        0  timers.o(i.prvSampleTimeNow)
    prvSampleTimeNow                         0x0800222d   Thumb Code    40  timers.o(i.prvSampleTimeNow)
    i.prvSwitchTimerLists                    0x08002258   Section        0  timers.o(i.prvSwitchTimerLists)
    prvSwitchTimerLists                      0x08002259   Thumb Code   154  timers.o(i.prvSwitchTimerLists)
    i.prvTaskExitError                       0x080022fc   Section        0  port.o(i.prvTaskExitError)
    prvTaskExitError                         0x080022fd   Thumb Code    60  port.o(i.prvTaskExitError)
    i.prvTimerTask                           0x0800233c   Section        0  timers.o(i.prvTimerTask)
    prvTimerTask                             0x0800233d   Thumb Code    26  timers.o(i.prvTimerTask)
    i.prvUnlockQueue                         0x08002356   Section        0  queue.o(i.prvUnlockQueue)
    prvUnlockQueue                           0x08002357   Thumb Code   126  queue.o(i.prvUnlockQueue)
    i.pvPortMalloc                           0x080023d4   Section        0  heap_4.o(i.pvPortMalloc)
    i.pxPortInitialiseStack                  0x08002510   Section        0  port.o(i.pxPortInitialiseStack)
    i.range_comparison                       0x0800253c   Section        0  bsp_gui.o(i.range_comparison)
    i.start_task                             0x08002564   Section        0  start_task.o(i.start_task)
    i.task1_adc_button                       0x080025c8   Section        0  bsp_gui.o(i.task1_adc_button)
    i.task2_imu                              0x08002614   Section        0  bsp_gui.o(i.task2_imu)
    i.task2_temp                             0x08002616   Section        0  bsp_gui.o(i.task2_temp)
    i.uart_init                              0x08002618   Section        0  usart.o(i.uart_init)
    i.uxListRemove                           0x080026c4   Section        0  list.o(i.uxListRemove)
    i.vListInitialise                        0x080026ec   Section        0  list.o(i.vListInitialise)
    i.vListInitialiseItem                    0x08002706   Section        0  list.o(i.vListInitialiseItem)
    i.vListInsert                            0x0800270c   Section        0  list.o(i.vListInsert)
    i.vListInsertEnd                         0x08002740   Section        0  list.o(i.vListInsertEnd)
    i.vPortEnterCritical                     0x08002758   Section        0  port.o(i.vPortEnterCritical)
    i.vPortExitCritical                      0x080027ac   Section        0  port.o(i.vPortExitCritical)
    i.vPortFree                              0x080027e8   Section        0  heap_4.o(i.vPortFree)
    i.vPortSetupTimerInterrupt               0x0800287c   Section        0  port.o(i.vPortSetupTimerInterrupt)
    i.vPortValidateInterruptPriority         0x080028a4   Section        0  port.o(i.vPortValidateInterruptPriority)
    i.vQueueAddToRegistry                    0x0800291c   Section        0  queue.o(i.vQueueAddToRegistry)
    i.vQueueWaitForMessageRestricted         0x08002948   Section        0  queue.o(i.vQueueWaitForMessageRestricted)
    i.vTaskDelay                             0x08002994   Section        0  tasks.o(i.vTaskDelay)
    i.vTaskDelete                            0x080029f0   Section        0  tasks.o(i.vTaskDelete)
    i.vTaskInternalSetTimeOutState           0x08002ae4   Section        0  tasks.o(i.vTaskInternalSetTimeOutState)
    i.vTaskMissedYield                       0x08002afc   Section        0  tasks.o(i.vTaskMissedYield)
    i.vTaskPlaceOnEventList                  0x08002b08   Section        0  tasks.o(i.vTaskPlaceOnEventList)
    i.vTaskPlaceOnEventListRestricted        0x08002b40   Section        0  tasks.o(i.vTaskPlaceOnEventListRestricted)
    i.vTaskStartScheduler                    0x08002b80   Section        0  tasks.o(i.vTaskStartScheduler)
    i.vTaskSuspendAll                        0x08002c14   Section        0  tasks.o(i.vTaskSuspendAll)
    i.vTaskSwitchContext                     0x08002c24   Section        0  tasks.o(i.vTaskSwitchContext)
    i.xPortStartScheduler                    0x08002cb0   Section        0  port.o(i.xPortStartScheduler)
    i.xPortSysTickHandler                    0x08002e18   Section        0  port.o(i.xPortSysTickHandler)
    i.xQueueGenericCreate                    0x08002e4c   Section        0  queue.o(i.xQueueGenericCreate)
    i.xQueueGenericReset                     0x08002ea8   Section        0  queue.o(i.xQueueGenericReset)
    i.xQueueGenericSend                      0x08002f40   Section        0  queue.o(i.xQueueGenericSend)
    i.xQueueGenericSendFromISR               0x080030e8   Section        0  queue.o(i.xQueueGenericSendFromISR)
    i.xQueueReceive                          0x080031e0   Section        0  queue.o(i.xQueueReceive)
    i.xTaskCheckForTimeOut                   0x08003348   Section        0  tasks.o(i.xTaskCheckForTimeOut)
    i.xTaskCreate                            0x080033d4   Section        0  tasks.o(i.xTaskCreate)
    i.xTaskGetSchedulerState                 0x08003434   Section        0  tasks.o(i.xTaskGetSchedulerState)
    i.xTaskGetTickCount                      0x08003454   Section        0  tasks.o(i.xTaskGetTickCount)
    i.xTaskIncrementTick                     0x08003460   Section        0  tasks.o(i.xTaskIncrementTick)
    i.xTaskPriorityDisinherit                0x080035a8   Section        0  tasks.o(i.xTaskPriorityDisinherit)
    i.xTaskRemoveFromEventList               0x08003670   Section        0  tasks.o(i.xTaskRemoveFromEventList)
    i.xTaskResumeAll                         0x08003708   Section        0  tasks.o(i.xTaskResumeAll)
    i.xTimerCreateTimerTask                  0x0800380c   Section        0  timers.o(i.xTimerCreateTimerTask)
    i.xTimerGenericCommand                   0x08003864   Section        0  timers.o(i.xTimerGenericCommand)
    x$fpl$d2f                                0x080038e8   Section       98  d2f.o(x$fpl$d2f)
    $v0                                      0x080038e8   Number         0  d2f.o(x$fpl$d2f)
    x$fpl$dmul                               0x0800394c   Section      340  dmul.o(x$fpl$dmul)
    $v0                                      0x0800394c   Number         0  dmul.o(x$fpl$dmul)
    x$fpl$dnaninf                            0x08003aa0   Section      156  dnaninf.o(x$fpl$dnaninf)
    $v0                                      0x08003aa0   Number         0  dnaninf.o(x$fpl$dnaninf)
    x$fpl$dretinf                            0x08003b3c   Section       12  dretinf.o(x$fpl$dretinf)
    $v0                                      0x08003b3c   Number         0  dretinf.o(x$fpl$dretinf)
    x$fpl$f2d                                0x08003b48   Section       86  f2d.o(x$fpl$f2d)
    $v0                                      0x08003b48   Number         0  f2d.o(x$fpl$f2d)
    x$fpl$fnaninf                            0x08003b9e   Section      140  fnaninf.o(x$fpl$fnaninf)
    $v0                                      0x08003b9e   Number         0  fnaninf.o(x$fpl$fnaninf)
    x$fpl$fpinit                             0x08003c2a   Section       10  fpinit.o(x$fpl$fpinit)
    $v0                                      0x08003c2a   Number         0  fpinit.o(x$fpl$fpinit)
    x$fpl$fretinf                            0x08003c34   Section       10  fretinf.o(x$fpl$fretinf)
    $v0                                      0x08003c34   Number         0  fretinf.o(x$fpl$fretinf)
    .constdata                               0x08003c3e   Section     2072  bsp_oled.o(.constdata)
    x$fpl$usenofp                            0x08003c3e   Section        0  usenofp.o(x$fpl$usenofp)
    .data                                    0x20000000   Section       60  tasks.o(.data)
    pxDelayedTaskList                        0x20000004   Data           4  tasks.o(.data)
    pxOverflowDelayedTaskList                0x20000008   Data           4  tasks.o(.data)
    uxDeletedTasksWaitingCleanUp             0x2000000c   Data           4  tasks.o(.data)
    uxCurrentNumberOfTasks                   0x20000010   Data           4  tasks.o(.data)
    xTickCount                               0x20000014   Data           4  tasks.o(.data)
    uxTopReadyPriority                       0x20000018   Data           4  tasks.o(.data)
    xSchedulerRunning                        0x2000001c   Data           4  tasks.o(.data)
    uxPendedTicks                            0x20000020   Data           4  tasks.o(.data)
    xYieldPending                            0x20000024   Data           4  tasks.o(.data)
    xNumOfOverflows                          0x20000028   Data           4  tasks.o(.data)
    uxTaskNumber                             0x2000002c   Data           4  tasks.o(.data)
    xNextTaskUnblockTime                     0x20000030   Data           4  tasks.o(.data)
    xIdleTaskHandle                          0x20000034   Data           4  tasks.o(.data)
    uxSchedulerSuspended                     0x20000038   Data           4  tasks.o(.data)
    .data                                    0x2000003c   Section       20  timers.o(.data)
    pxCurrentTimerList                       0x2000003c   Data           4  timers.o(.data)
    pxOverflowTimerList                      0x20000040   Data           4  timers.o(.data)
    xTimerQueue                              0x20000044   Data           4  timers.o(.data)
    xTimerTaskHandle                         0x20000048   Data           4  timers.o(.data)
    xLastTime                                0x2000004c   Data           4  timers.o(.data)
    .data                                    0x20000050   Section       24  heap_4.o(.data)
    xStart                                   0x20000050   Data           8  heap_4.o(.data)
    pxEnd                                    0x20000058   Data           4  heap_4.o(.data)
    xFreeBytesRemaining                      0x2000005c   Data           4  heap_4.o(.data)
    xMinimumEverFreeBytesRemaining           0x20000060   Data           4  heap_4.o(.data)
    xBlockAllocatedBit                       0x20000064   Data           4  heap_4.o(.data)
    .data                                    0x20000068   Section       12  port.o(.data)
    uxCriticalNesting                        0x20000068   Data           4  port.o(.data)
    ucMaxSysCallPriority                     0x2000006c   Data           1  port.o(.data)
    ulMaxPRIGROUPValue                       0x20000070   Data           4  port.o(.data)
    .data                                    0x20000074   Section       16  stm32f4xx_rcc.o(.data)
    APBAHBPrescTable                         0x20000074   Data          16  stm32f4xx_rcc.o(.data)
    .data                                    0x20000084   Section        6  usart.o(.data)
    .data                                    0x2000008a   Section        4  delay.o(.data)
    fac_us                                   0x2000008a   Data           1  delay.o(.data)
    fac_ms                                   0x2000008c   Data           2  delay.o(.data)
    .data                                    0x20000090   Section       20  system_stm32f4xx.o(.data)
    .data                                    0x200000a4   Section       12  start_task.o(.data)
    .data                                    0x200000b0   Section     2499  bsp_gui.o(.data)
    error_data                               0x20000a70   Data           1  bsp_gui.o(.data)
    min                                      0x20000a71   Data           1  bsp_gui.o(.data)
    max                                      0x20000a72   Data           1  bsp_gui.o(.data)
    .bss                                     0x20000a74   Section       64  queue.o(.bss)
    .bss                                     0x20000ab4   Section      740  tasks.o(.bss)
    pxReadyTasksLists                        0x20000ab4   Data         640  tasks.o(.bss)
    xDelayedTaskList1                        0x20000d34   Data          20  tasks.o(.bss)
    xDelayedTaskList2                        0x20000d48   Data          20  tasks.o(.bss)
    xPendingReadyList                        0x20000d5c   Data          20  tasks.o(.bss)
    xTasksWaitingTermination                 0x20000d70   Data          20  tasks.o(.bss)
    xSuspendedTaskList                       0x20000d84   Data          20  tasks.o(.bss)
    .bss                                     0x20000d98   Section       40  timers.o(.bss)
    xActiveTimerList1                        0x20000d98   Data          20  timers.o(.bss)
    xActiveTimerList2                        0x20000dac   Data          20  timers.o(.bss)
    .bss                                     0x20000dc0   Section    76800  heap_4.o(.bss)
    ucHeap                                   0x20000dc0   Data       76800  heap_4.o(.bss)
    .bss                                     0x200139c0   Section      200  usart.o(.bss)
    .bss                                     0x20013a88   Section       16  bsp_gui.o(.bss)
    .bss                                     0x20013a98   Section       96  libspace.o(.bss)
    HEAP                                     0x20013af8   Section      512  startup_stm32f40_41xxx.o(HEAP)
    Heap_Mem                                 0x20013af8   Data         512  startup_stm32f40_41xxx.o(HEAP)
    STACK                                    0x20013cf8   Section     1024  startup_stm32f40_41xxx.o(STACK)
    Stack_Mem                                0x20013cf8   Data        1024  startup_stm32f40_41xxx.o(STACK)
    __initial_sp                             0x200140f8   Data           0  startup_stm32f40_41xxx.o(STACK)

    Global Symbols

    Symbol Name                              Value     Ov Type        Size  Object(Section)

    BuildAttributes$$THM_ISAv4$E$P$D$K$B$S$7EM$VFPi3$EXTD16$VFPS$VFMA$PE$A:L22UL41UL21$X:L11$S22US41US21$IEEE1$IW$USESV6$~STKCKD$USESV7$~SHL$OSPACE$ROPI$EBA8$UX$STANDARDLIB$REQ8$PRES8$EABIv2 0x00000000   Number         0  anon$$obj.o ABSOLUTE
    __ARM_use_no_argv                        0x00000000   Number         0  main.o ABSOLUTE
    __ARM_exceptions_init                     - Undefined Weak Reference
    __alloca_initialize                       - Undefined Weak Reference
    __arm_preinit_                            - Undefined Weak Reference
    __cpp_initialize__aeabi_                  - Undefined Weak Reference
    __cxa_finalize                            - Undefined Weak Reference
    __rt_locale                               - Undefined Weak Reference
    __sigvec_lookup                           - Undefined Weak Reference
    _atexit_init                              - Undefined Weak Reference
    _call_atexit_fns                          - Undefined Weak Reference
    _clock_init                               - Undefined Weak Reference
    _fp_trap_init                             - Undefined Weak Reference
    _fp_trap_shutdown                         - Undefined Weak Reference
    _get_lc_collate                           - Undefined Weak Reference
    _get_lc_ctype                             - Undefined Weak Reference
    _get_lc_monetary                          - Undefined Weak Reference
    _get_lc_numeric                           - Undefined Weak Reference
    _get_lc_time                              - Undefined Weak Reference
    _getenv_init                              - Undefined Weak Reference
    _handle_redirection                       - Undefined Weak Reference
    _init_alloc                               - Undefined Weak Reference
    _init_user_alloc                          - Undefined Weak Reference
    _initio                                   - Undefined Weak Reference
    _rand_init                                - Undefined Weak Reference
    _signal_finish                            - Undefined Weak Reference
    _signal_init                              - Undefined Weak Reference
    _terminate_alloc                          - Undefined Weak Reference
    _terminate_user_alloc                     - Undefined Weak Reference
    _terminateio                              - Undefined Weak Reference
    __Vectors_Size                           0x00000188   Number         0  startup_stm32f40_41xxx.o ABSOLUTE
    __Vectors                                0x08000000   Data           4  startup_stm32f40_41xxx.o(RESET)
    __Vectors_End                            0x08000188   Data           0  startup_stm32f40_41xxx.o(RESET)
    __main                                   0x08000189   Thumb Code     8  __main.o(!!!main)
    __scatterload                            0x08000191   Thumb Code     0  __scatter.o(!!!scatter)
    __scatterload_rt2                        0x08000191   Thumb Code    44  __scatter.o(!!!scatter)
    __scatterload_rt2_thumb_only             0x08000191   Thumb Code     0  __scatter.o(!!!scatter)
    __scatterload_null                       0x0800019f   Thumb Code     0  __scatter.o(!!!scatter)
    __decompress                             0x080001c5   Thumb Code    90  __dczerorl2.o(!!dczerorl2)
    __decompress1                            0x080001c5   Thumb Code     0  __dczerorl2.o(!!dczerorl2)
    __scatterload_zeroinit                   0x08000221   Thumb Code    28  __scatter_zi.o(!!handler_zi)
    __rt_lib_init                            0x0800023d   Thumb Code     0  libinit.o(.ARM.Collect$$libinit$$00000000)
    __rt_lib_init_fp_1                       0x0800023f   Thumb Code     0  libinit2.o(.ARM.Collect$$libinit$$00000001)
    __rt_lib_init_alloca_1                   0x08000243   Thumb Code     0  libinit2.o(.ARM.Collect$$libinit$$0000002E)
    __rt_lib_init_argv_1                     0x08000243   Thumb Code     0  libinit2.o(.ARM.Collect$$libinit$$0000002C)
    __rt_lib_init_atexit_1                   0x08000243   Thumb Code     0  libinit2.o(.ARM.Collect$$libinit$$0000001B)
    __rt_lib_init_clock_1                    0x08000243   Thumb Code     0  libinit2.o(.ARM.Collect$$libinit$$00000021)
    __rt_lib_init_cpp_1                      0x08000243   Thumb Code     0  libinit2.o(.ARM.Collect$$libinit$$00000032)
    __rt_lib_init_exceptions_1               0x08000243   Thumb Code     0  libinit2.o(.ARM.Collect$$libinit$$00000030)
    __rt_lib_init_fp_trap_1                  0x08000243   Thumb Code     0  libinit2.o(.ARM.Collect$$libinit$$0000001F)
    __rt_lib_init_getenv_1                   0x08000243   Thumb Code     0  libinit2.o(.ARM.Collect$$libinit$$00000023)
    __rt_lib_init_heap_1                     0x08000243   Thumb Code     0  libinit2.o(.ARM.Collect$$libinit$$0000000A)
    __rt_lib_init_lc_collate_1               0x08000243   Thumb Code     0  libinit2.o(.ARM.Collect$$libinit$$00000011)
    __rt_lib_init_lc_ctype_1                 0x08000243   Thumb Code     0  libinit2.o(.ARM.Collect$$libinit$$00000013)
    __rt_lib_init_lc_monetary_1              0x08000243   Thumb Code     0  libinit2.o(.ARM.Collect$$libinit$$00000015)
    __rt_lib_init_lc_numeric_1               0x08000243   Thumb Code     0  libinit2.o(.ARM.Collect$$libinit$$00000017)
    __rt_lib_init_lc_time_1                  0x08000243   Thumb Code     0  libinit2.o(.ARM.Collect$$libinit$$00000019)
    __rt_lib_init_preinit_1                  0x08000243   Thumb Code     0  libinit2.o(.ARM.Collect$$libinit$$00000004)
    __rt_lib_init_rand_1                     0x08000243   Thumb Code     0  libinit2.o(.ARM.Collect$$libinit$$0000000E)
    __rt_lib_init_return                     0x08000243   Thumb Code     0  libinit2.o(.ARM.Collect$$libinit$$00000033)
    __rt_lib_init_signal_1                   0x08000243   Thumb Code     0  libinit2.o(.ARM.Collect$$libinit$$0000001D)
    __rt_lib_init_stdio_1                    0x08000243   Thumb Code     0  libinit2.o(.ARM.Collect$$libinit$$00000025)
    __rt_lib_init_user_alloc_1               0x08000243   Thumb Code     0  libinit2.o(.ARM.Collect$$libinit$$0000000C)
    __rt_lib_shutdown                        0x08000245   Thumb Code     0  libshutdown.o(.ARM.Collect$$libshutdown$$00000000)
    __rt_lib_shutdown_cpp_1                  0x08000247   Thumb Code     0  libshutdown2.o(.ARM.Collect$$libshutdown$$00000002)
    __rt_lib_shutdown_fp_trap_1              0x08000247   Thumb Code     0  libshutdown2.o(.ARM.Collect$$libshutdown$$00000007)
    __rt_lib_shutdown_heap_1                 0x08000247   Thumb Code     0  libshutdown2.o(.ARM.Collect$$libshutdown$$0000000F)
    __rt_lib_shutdown_return                 0x08000247   Thumb Code     0  libshutdown2.o(.ARM.Collect$$libshutdown$$00000010)
    __rt_lib_shutdown_signal_1               0x08000247   Thumb Code     0  libshutdown2.o(.ARM.Collect$$libshutdown$$0000000A)
    __rt_lib_shutdown_stdio_1                0x08000247   Thumb Code     0  libshutdown2.o(.ARM.Collect$$libshutdown$$00000004)
    __rt_lib_shutdown_user_alloc_1           0x08000247   Thumb Code     0  libshutdown2.o(.ARM.Collect$$libshutdown$$0000000C)
    __rt_entry                               0x08000249   Thumb Code     0  __rtentry.o(.ARM.Collect$$rtentry$$00000000)
    __rt_entry_presh_1                       0x08000249   Thumb Code     0  __rtentry2.o(.ARM.Collect$$rtentry$$00000002)
    __rt_entry_sh                            0x08000249   Thumb Code     0  __rtentry4.o(.ARM.Collect$$rtentry$$00000004)
    __rt_entry_li                            0x0800024f   Thumb Code     0  __rtentry2.o(.ARM.Collect$$rtentry$$0000000A)
    __rt_entry_postsh_1                      0x0800024f   Thumb Code     0  __rtentry2.o(.ARM.Collect$$rtentry$$00000009)
    __rt_entry_main                          0x08000253   Thumb Code     0  __rtentry2.o(.ARM.Collect$$rtentry$$0000000D)
    __rt_entry_postli_1                      0x08000253   Thumb Code     0  __rtentry2.o(.ARM.Collect$$rtentry$$0000000C)
    __rt_exit                                0x0800025b   Thumb Code     0  rtexit.o(.ARM.Collect$$rtexit$$00000000)
    __rt_exit_ls                             0x0800025d   Thumb Code     0  rtexit2.o(.ARM.Collect$$rtexit$$00000003)
    __rt_exit_prels_1                        0x0800025d   Thumb Code     0  rtexit2.o(.ARM.Collect$$rtexit$$00000002)
    __rt_exit_exit                           0x08000261   Thumb Code     0  rtexit2.o(.ARM.Collect$$rtexit$$00000004)
    SVC_Handler                              0x08000269   Thumb Code    28  port.o(.emb_text)
    __asm___6_port_c_39a90d8d__prvStartFirstTask 0x08000289   Thumb Code    36  port.o(.emb_text)
    __asm___6_port_c_39a90d8d__prvEnableVFP  0x080002b1   Thumb Code    16  port.o(.emb_text)
    PendSV_Handler                           0x080002c5   Thumb Code    88  port.o(.emb_text)
    vPortGetIPSR                             0x08000321   Thumb Code     6  port.o(.emb_text)
    Reset_Handler                            0x08000329   Thumb Code     8  startup_stm32f40_41xxx.o(.text)
    ADC_IRQHandler                           0x08000343   Thumb Code     0  startup_stm32f40_41xxx.o(.text)
    CAN1_RX0_IRQHandler                      0x08000343   Thumb Code     0  startup_stm32f40_41xxx.o(.text)
    CAN1_RX1_IRQHandler                      0x08000343   Thumb Code     0  startup_stm32f40_41xxx.o(.text)
    CAN1_SCE_IRQHandler                      0x08000343   Thumb Code     0  startup_stm32f40_41xxx.o(.text)
    CAN1_TX_IRQHandler                       0x08000343   Thumb Code     0  startup_stm32f40_41xxx.o(.text)
    CAN2_RX0_IRQHandler                      0x08000343   Thumb Code     0  startup_stm32f40_41xxx.o(.text)
    CAN2_RX1_IRQHandler                      0x08000343   Thumb Code     0  startup_stm32f40_41xxx.o(.text)
    CAN2_SCE_IRQHandler                      0x08000343   Thumb Code     0  startup_stm32f40_41xxx.o(.text)
    CAN2_TX_IRQHandler                       0x08000343   Thumb Code     0  startup_stm32f40_41xxx.o(.text)
    CRYP_IRQHandler                          0x08000343   Thumb Code     0  startup_stm32f40_41xxx.o(.text)
    DCMI_IRQHandler                          0x08000343   Thumb Code     0  startup_stm32f40_41xxx.o(.text)
    DMA1_Stream0_IRQHandler                  0x08000343   Thumb Code     0  startup_stm32f40_41xxx.o(.text)
    DMA1_Stream1_IRQHandler                  0x08000343   Thumb Code     0  startup_stm32f40_41xxx.o(.text)
    DMA1_Stream2_IRQHandler                  0x08000343   Thumb Code     0  startup_stm32f40_41xxx.o(.text)
    DMA1_Stream3_IRQHandler                  0x08000343   Thumb Code     0  startup_stm32f40_41xxx.o(.text)
    DMA1_Stream4_IRQHandler                  0x08000343   Thumb Code     0  startup_stm32f40_41xxx.o(.text)
    DMA1_Stream5_IRQHandler                  0x08000343   Thumb Code     0  startup_stm32f40_41xxx.o(.text)
    DMA1_Stream6_IRQHandler                  0x08000343   Thumb Code     0  startup_stm32f40_41xxx.o(.text)
    DMA1_Stream7_IRQHandler                  0x08000343   Thumb Code     0  startup_stm32f40_41xxx.o(.text)
    DMA2_Stream0_IRQHandler                  0x08000343   Thumb Code     0  startup_stm32f40_41xxx.o(.text)
    DMA2_Stream1_IRQHandler                  0x08000343   Thumb Code     0  startup_stm32f40_41xxx.o(.text)
    DMA2_Stream2_IRQHandler                  0x08000343   Thumb Code     0  startup_stm32f40_41xxx.o(.text)
    DMA2_Stream3_IRQHandler                  0x08000343   Thumb Code     0  startup_stm32f40_41xxx.o(.text)
    DMA2_Stream4_IRQHandler                  0x08000343   Thumb Code     0  startup_stm32f40_41xxx.o(.text)
    DMA2_Stream5_IRQHandler                  0x08000343   Thumb Code     0  startup_stm32f40_41xxx.o(.text)
    DMA2_Stream6_IRQHandler                  0x08000343   Thumb Code     0  startup_stm32f40_41xxx.o(.text)
    DMA2_Stream7_IRQHandler                  0x08000343   Thumb Code     0  startup_stm32f40_41xxx.o(.text)
    ETH_IRQHandler                           0x08000343   Thumb Code     0  startup_stm32f40_41xxx.o(.text)
    ETH_WKUP_IRQHandler                      0x08000343   Thumb Code     0  startup_stm32f40_41xxx.o(.text)
    EXTI0_IRQHandler                         0x08000343   Thumb Code     0  startup_stm32f40_41xxx.o(.text)
    EXTI15_10_IRQHandler                     0x08000343   Thumb Code     0  startup_stm32f40_41xxx.o(.text)
    EXTI1_IRQHandler                         0x08000343   Thumb Code     0  startup_stm32f40_41xxx.o(.text)
    EXTI2_IRQHandler                         0x08000343   Thumb Code     0  startup_stm32f40_41xxx.o(.text)
    EXTI3_IRQHandler                         0x08000343   Thumb Code     0  startup_stm32f40_41xxx.o(.text)
    EXTI4_IRQHandler                         0x08000343   Thumb Code     0  startup_stm32f40_41xxx.o(.text)
    EXTI9_5_IRQHandler                       0x08000343   Thumb Code     0  startup_stm32f40_41xxx.o(.text)
    FLASH_IRQHandler                         0x08000343   Thumb Code     0  startup_stm32f40_41xxx.o(.text)
    FPU_IRQHandler                           0x08000343   Thumb Code     0  startup_stm32f40_41xxx.o(.text)
    FSMC_IRQHandler                          0x08000343   Thumb Code     0  startup_stm32f40_41xxx.o(.text)
    HASH_RNG_IRQHandler                      0x08000343   Thumb Code     0  startup_stm32f40_41xxx.o(.text)
    I2C1_ER_IRQHandler                       0x08000343   Thumb Code     0  startup_stm32f40_41xxx.o(.text)
    I2C1_EV_IRQHandler                       0x08000343   Thumb Code     0  startup_stm32f40_41xxx.o(.text)
    I2C2_ER_IRQHandler                       0x08000343   Thumb Code     0  startup_stm32f40_41xxx.o(.text)
    I2C2_EV_IRQHandler                       0x08000343   Thumb Code     0  startup_stm32f40_41xxx.o(.text)
    I2C3_ER_IRQHandler                       0x08000343   Thumb Code     0  startup_stm32f40_41xxx.o(.text)
    I2C3_EV_IRQHandler                       0x08000343   Thumb Code     0  startup_stm32f40_41xxx.o(.text)
    OTG_FS_IRQHandler                        0x08000343   Thumb Code     0  startup_stm32f40_41xxx.o(.text)
    OTG_FS_WKUP_IRQHandler                   0x08000343   Thumb Code     0  startup_stm32f40_41xxx.o(.text)
    OTG_HS_EP1_IN_IRQHandler                 0x08000343   Thumb Code     0  startup_stm32f40_41xxx.o(.text)
    OTG_HS_EP1_OUT_IRQHandler                0x08000343   Thumb Code     0  startup_stm32f40_41xxx.o(.text)
    OTG_HS_IRQHandler                        0x08000343   Thumb Code     0  startup_stm32f40_41xxx.o(.text)
    OTG_HS_WKUP_IRQHandler                   0x08000343   Thumb Code     0  startup_stm32f40_41xxx.o(.text)
    PVD_IRQHandler                           0x08000343   Thumb Code     0  startup_stm32f40_41xxx.o(.text)
    RCC_IRQHandler                           0x08000343   Thumb Code     0  startup_stm32f40_41xxx.o(.text)
    RTC_Alarm_IRQHandler                     0x08000343   Thumb Code     0  startup_stm32f40_41xxx.o(.text)
    RTC_WKUP_IRQHandler                      0x08000343   Thumb Code     0  startup_stm32f40_41xxx.o(.text)
    SDIO_IRQHandler                          0x08000343   Thumb Code     0  startup_stm32f40_41xxx.o(.text)
    SPI1_IRQHandler                          0x08000343   Thumb Code     0  startup_stm32f40_41xxx.o(.text)
    SPI2_IRQHandler                          0x08000343   Thumb Code     0  startup_stm32f40_41xxx.o(.text)
    SPI3_IRQHandler                          0x08000343   Thumb Code     0  startup_stm32f40_41xxx.o(.text)
    TAMP_STAMP_IRQHandler                    0x08000343   Thumb Code     0  startup_stm32f40_41xxx.o(.text)
    TIM1_BRK_TIM9_IRQHandler                 0x08000343   Thumb Code     0  startup_stm32f40_41xxx.o(.text)
    TIM1_CC_IRQHandler                       0x08000343   Thumb Code     0  startup_stm32f40_41xxx.o(.text)
    TIM1_TRG_COM_TIM11_IRQHandler            0x08000343   Thumb Code     0  startup_stm32f40_41xxx.o(.text)
    TIM1_UP_TIM10_IRQHandler                 0x08000343   Thumb Code     0  startup_stm32f40_41xxx.o(.text)
    TIM2_IRQHandler                          0x08000343   Thumb Code     0  startup_stm32f40_41xxx.o(.text)
    TIM3_IRQHandler                          0x08000343   Thumb Code     0  startup_stm32f40_41xxx.o(.text)
    TIM4_IRQHandler                          0x08000343   Thumb Code     0  startup_stm32f40_41xxx.o(.text)
    TIM5_IRQHandler                          0x08000343   Thumb Code     0  startup_stm32f40_41xxx.o(.text)
    TIM6_DAC_IRQHandler                      0x08000343   Thumb Code     0  startup_stm32f40_41xxx.o(.text)
    TIM7_IRQHandler                          0x08000343   Thumb Code     0  startup_stm32f40_41xxx.o(.text)
    TIM8_BRK_TIM12_IRQHandler                0x08000343   Thumb Code     0  startup_stm32f40_41xxx.o(.text)
    TIM8_CC_IRQHandler                       0x08000343   Thumb Code     0  startup_stm32f40_41xxx.o(.text)
    TIM8_TRG_COM_TIM14_IRQHandler            0x08000343   Thumb Code     0  startup_stm32f40_41xxx.o(.text)
    TIM8_UP_TIM13_IRQHandler                 0x08000343   Thumb Code     0  startup_stm32f40_41xxx.o(.text)
    UART4_IRQHandler                         0x08000343   Thumb Code     0  startup_stm32f40_41xxx.o(.text)
    UART5_IRQHandler                         0x08000343   Thumb Code     0  startup_stm32f40_41xxx.o(.text)
    USART2_IRQHandler                        0x08000343   Thumb Code     0  startup_stm32f40_41xxx.o(.text)
    USART3_IRQHandler                        0x08000343   Thumb Code     0  startup_stm32f40_41xxx.o(.text)
    USART6_IRQHandler                        0x08000343   Thumb Code     0  startup_stm32f40_41xxx.o(.text)
    WWDG_IRQHandler                          0x08000343   Thumb Code     0  startup_stm32f40_41xxx.o(.text)
    __user_initial_stackheap                 0x08000345   Thumb Code     0  startup_stm32f40_41xxx.o(.text)
    __use_no_semihosting                     0x08000369   Thumb Code     2  use_no_semi_2.o(.text)
    __aeabi_memcpy                           0x0800036b   Thumb Code     0  rt_memcpy_v6.o(.text)
    __rt_memcpy                              0x0800036b   Thumb Code   138  rt_memcpy_v6.o(.text)
    _memcpy_lastbytes                        0x080003d1   Thumb Code     0  rt_memcpy_v6.o(.text)
    __aeabi_memset                           0x080003f5   Thumb Code    16  aeabi_memset.o(.text)
    __aeabi_memclr4                          0x08000405   Thumb Code     0  rt_memclr_w.o(.text)
    __aeabi_memclr8                          0x08000405   Thumb Code     0  rt_memclr_w.o(.text)
    __rt_memclr_w                            0x08000405   Thumb Code    78  rt_memclr_w.o(.text)
    _memset_w                                0x08000409   Thumb Code     0  rt_memclr_w.o(.text)
    __use_two_region_memory                  0x08000453   Thumb Code     2  heapauxi.o(.text)
    __rt_heap_escrow$2region                 0x08000455   Thumb Code     2  heapauxi.o(.text)
    __rt_heap_expand$2region                 0x08000457   Thumb Code     2  heapauxi.o(.text)
    __I$use$semihosting                      0x08000459   Thumb Code     0  use_no_semi.o(.text)
    __use_no_semihosting_swi                 0x08000459   Thumb Code     2  use_no_semi.o(.text)
    __aeabi_memcpy4                          0x0800045b   Thumb Code     0  rt_memcpy_w.o(.text)
    __aeabi_memcpy8                          0x0800045b   Thumb Code     0  rt_memcpy_w.o(.text)
    __rt_memcpy_w                            0x0800045b   Thumb Code   100  rt_memcpy_w.o(.text)
    _memcpy_lastbytes_aligned                0x080004a3   Thumb Code     0  rt_memcpy_w.o(.text)
    __aeabi_memclr                           0x080004bf   Thumb Code     0  rt_memclr.o(.text)
    __rt_memclr                              0x080004bf   Thumb Code    68  rt_memclr.o(.text)
    _memset                                  0x080004c3   Thumb Code     0  rt_memclr.o(.text)
    __user_setup_stackheap                   0x08000503   Thumb Code    74  sys_stackheap_outer.o(.text)
    exit                                     0x0800054d   Thumb Code    18  exit.o(.text)
    __user_libspace                          0x08000561   Thumb Code     8  libspace.o(.text)
    __user_perproc_libspace                  0x08000561   Thumb Code     0  libspace.o(.text)
    __user_perthread_libspace                0x08000561   Thumb Code     0  libspace.o(.text)
    ADC_Cmd                                  0x08000569   Thumb Code    22  stm32f4xx_adc.o(i.ADC_Cmd)
    ADC_CommonInit                           0x08000581   Thumb Code    34  stm32f4xx_adc.o(i.ADC_CommonInit)
    ADC_GetConversionValue                   0x080005b1   Thumb Code     8  stm32f4xx_adc.o(i.ADC_GetConversionValue)
    ADC_GetFlagStatus                        0x080005b9   Thumb Code    18  stm32f4xx_adc.o(i.ADC_GetFlagStatus)
    ADC_Init                                 0x080005cd   Thumb Code    74  stm32f4xx_adc.o(i.ADC_Init)
    ADC_RegularChannelConfig                 0x08000621   Thumb Code   184  stm32f4xx_adc.o(i.ADC_RegularChannelConfig)
    ADC_SoftwareStartConv                    0x080006d9   Thumb Code    10  stm32f4xx_adc.o(i.ADC_SoftwareStartConv)
    BusFault_Handler                         0x080006e3   Thumb Code     4  stm32f4xx_it.o(i.BusFault_Handler)
    DebugMon_Handler                         0x080006e7   Thumb Code     2  stm32f4xx_it.o(i.DebugMon_Handler)
    GPIO_Init                                0x080006e9   Thumb Code   144  stm32f4xx_gpio.o(i.GPIO_Init)
    GPIO_PinAFConfig                         0x08000779   Thumb Code    70  stm32f4xx_gpio.o(i.GPIO_PinAFConfig)
    GPIO_ResetBits                           0x080007bf   Thumb Code     4  stm32f4xx_gpio.o(i.GPIO_ResetBits)
    GPIO_SetBits                             0x080007c3   Thumb Code     4  stm32f4xx_gpio.o(i.GPIO_SetBits)
    HardFault_Handler                        0x080007c7   Thumb Code     4  stm32f4xx_it.o(i.HardFault_Handler)
    LED_Init                                 0x080007cd   Thumb Code    68  led.o(i.LED_Init)
    MemManage_Handler                        0x08000819   Thumb Code     4  stm32f4xx_it.o(i.MemManage_Handler)
    NMI_Handler                              0x0800081d   Thumb Code     2  stm32f4xx_it.o(i.NMI_Handler)
    NVIC_Init                                0x08000821   Thumb Code   106  misc.o(i.NVIC_Init)
    NVIC_PriorityGroupConfig                 0x08000899   Thumb Code    10  misc.o(i.NVIC_PriorityGroupConfig)
    OLED_Clear                               0x080008ad   Thumb Code    64  bsp_oled.o(i.OLED_Clear)
    OLED_DrawBMP                             0x080008ed   Thumb Code   118  bsp_oled.o(i.OLED_DrawBMP)
    OLED_Set_Pos                             0x08000963   Thumb Code    46  bsp_oled.o(i.OLED_Set_Pos)
    OLED_ShowChar                            0x08000991   Thumb Code   106  bsp_oled.o(i.OLED_ShowChar)
    OLED_ShowNum                             0x08000a01   Thumb Code   132  bsp_oled.o(i.OLED_ShowNum)
    OLED_ShowString                          0x08000a85   Thumb Code    54  bsp_oled.o(i.OLED_ShowString)
    OLED_WR_Byte                             0x08000abd   Thumb Code    42  bsp_oled.o(i.OLED_WR_Byte)
    RCC_AHB1PeriphClockCmd                   0x08000aed   Thumb Code    26  stm32f4xx_rcc.o(i.RCC_AHB1PeriphClockCmd)
    RCC_APB2PeriphClockCmd                   0x08000b0d   Thumb Code    26  stm32f4xx_rcc.o(i.RCC_APB2PeriphClockCmd)
    RCC_APB2PeriphResetCmd                   0x08000b2d   Thumb Code    26  stm32f4xx_rcc.o(i.RCC_APB2PeriphResetCmd)
    RCC_GetClocksFreq                        0x08000b4d   Thumb Code   214  stm32f4xx_rcc.o(i.RCC_GetClocksFreq)
    SPI1_ReadWriteByte                       0x08000c35   Thumb Code    50  bsp_spi.o(i.SPI1_ReadWriteByte)
    SPI_Cmd                                  0x08000c6d   Thumb Code    24  stm32f4xx_spi.o(i.SPI_Cmd)
    SPI_I2S_GetFlagStatus                    0x08000c85   Thumb Code    18  stm32f4xx_spi.o(i.SPI_I2S_GetFlagStatus)
    SPI_I2S_ReceiveData                      0x08000c97   Thumb Code     6  stm32f4xx_spi.o(i.SPI_I2S_ReceiveData)
    SPI_I2S_SendData                         0x08000c9d   Thumb Code     4  stm32f4xx_spi.o(i.SPI_I2S_SendData)
    SPI_Init                                 0x08000ca1   Thumb Code    60  stm32f4xx_spi.o(i.SPI_Init)
    SysTick_CLKSourceConfig                  0x08000dc9   Thumb Code    40  misc.o(i.SysTick_CLKSourceConfig)
    SysTick_Handler                          0x08000df1   Thumb Code    16  delay.o(i.SysTick_Handler)
    SystemInit                               0x08000e01   Thumb Code    88  system_stm32f4xx.o(i.SystemInit)
    USART1_IRQHandler                        0x08000e69   Thumb Code   122  usart.o(i.USART1_IRQHandler)
    USART_Cmd                                0x08000ef1   Thumb Code    24  stm32f4xx_usart.o(i.USART_Cmd)
    USART_GetITStatus                        0x08000f09   Thumb Code    84  stm32f4xx_usart.o(i.USART_GetITStatus)
    USART_ITConfig                           0x08000f5d   Thumb Code    74  stm32f4xx_usart.o(i.USART_ITConfig)
    USART_Init                               0x08000fa9   Thumb Code   204  stm32f4xx_usart.o(i.USART_Init)
    USART_ReceiveData                        0x0800107d   Thumb Code    10  stm32f4xx_usart.o(i.USART_ReceiveData)
    UsageFault_Handler                       0x08001087   Thumb Code     4  stm32f4xx_it.o(i.UsageFault_Handler)
    _sys_exit                                0x0800108b   Thumb Code     4  usart.o(i._sys_exit)
    create_start_task                        0x08001091   Thumb Code    24  start_task.o(i.create_start_task)
    dbus_show                                0x080010bd   Thumb Code     2  bsp_gui.o(i.dbus_show)
    delay_init                               0x080010c1   Thumb Code    58  delay.o(i.delay_init)
    delay_ms                                 0x08001105   Thumb Code    60  delay.o(i.delay_ms)
    delay_us                                 0x08001145   Thumb Code    68  delay.o(i.delay_us)
    get_adc_average                          0x0800118d   Thumb Code    46  bsp_adc.o(i.get_adc_average)
    get_oled_button_ad                       0x080011bd   Thumb Code   210  bsp_gui.o(i.get_oled_button_ad)
    get_real_adc_average                     0x08001299   Thumb Code    98  bsp_adc.o(i.get_real_adc_average)
    gui_lock                                 0x08001309   Thumb Code     8  bsp_gui.o(i.gui_lock)
    gui_unlock_s                             0x08001315   Thumb Code     2  bsp_gui.o(i.gui_unlock_s)
    ina226_task3                             0x08001317   Thumb Code     2  bsp_gui.o(i.ina226_task3)
    interface_finger                         0x08001319   Thumb Code   132  bsp_gui.o(i.interface_finger)
    interface_main                           0x080013a5   Thumb Code   296  bsp_gui.o(i.interface_main)
    interface_second                         0x080014d9   Thumb Code    68  bsp_gui.o(i.interface_second)
    interface_task1                          0x08001521   Thumb Code    74  bsp_gui.o(i.interface_task1)
    interface_task2                          0x08001575   Thumb Code    74  bsp_gui.o(i.interface_task2)
    interface_task3                          0x080015c9   Thumb Code    74  bsp_gui.o(i.interface_task3)
    interface_task4                          0x0800161d   Thumb Code    14  bsp_gui.o(i.interface_task4)
    interface_task5                          0x08001635   Thumb Code    14  bsp_gui.o(i.interface_task5)
    interface_task6                          0x0800164d   Thumb Code    14  bsp_gui.o(i.interface_task6)
    interface_task7                          0x08001665   Thumb Code    14  bsp_gui.o(i.interface_task7)
    led0_task                                0x0800167d   Thumb Code    18  start_task.o(i.led0_task)
    led1_task                                0x08001691   Thumb Code    38  start_task.o(i.led1_task)
    main                                     0x080016c5   Thumb Code    54  main.o(i.main)
    mx_adc_init                              0x080016fd   Thumb Code   136  bsp_adc.o(i.mx_adc_init)
    mx_get_adc                               0x0800178d   Thumb Code    44  bsp_adc.o(i.mx_get_adc)
    mx_oled_init                             0x080017bd   Thumb Code   288  bsp_oled.o(i.mx_oled_init)
    mx_oled_io_init                          0x080018e1   Thumb Code    54  bsp_oled.o(i.mx_oled_io_init)
    mx_spi1_init                             0x0800191d   Thumb Code   168  bsp_spi.o(i.mx_spi1_init)
    oled_gui_init                            0x080019cd   Thumb Code    30  bsp_gui.o(i.oled_gui_init)
    oled_pow                                 0x080019f5   Thumb Code    22  bsp_oled.o(i.oled_pow)
    pvPortMalloc                             0x080023d5   Thumb Code   296  heap_4.o(i.pvPortMalloc)
    pxPortInitialiseStack                    0x08002511   Thumb Code    38  port.o(i.pxPortInitialiseStack)
    range_comparison                         0x0800253d   Thumb Code    40  bsp_gui.o(i.range_comparison)
    start_task                               0x08002565   Thumb Code    54  start_task.o(i.start_task)
    task1_adc_button                         0x080025c9   Thumb Code    50  bsp_gui.o(i.task1_adc_button)
    task2_imu                                0x08002615   Thumb Code     2  bsp_gui.o(i.task2_imu)
    task2_temp                               0x08002617   Thumb Code     2  bsp_gui.o(i.task2_temp)
    uart_init                                0x08002619   Thumb Code   164  usart.o(i.uart_init)
    uxListRemove                             0x080026c5   Thumb Code    40  list.o(i.uxListRemove)
    vListInitialise                          0x080026ed   Thumb Code    26  list.o(i.vListInitialise)
    vListInitialiseItem                      0x08002707   Thumb Code     6  list.o(i.vListInitialiseItem)
    vListInsert                              0x0800270d   Thumb Code    52  list.o(i.vListInsert)
    vListInsertEnd                           0x08002741   Thumb Code    24  list.o(i.vListInsertEnd)
    vPortEnterCritical                       0x08002759   Thumb Code    76  port.o(i.vPortEnterCritical)
    vPortExitCritical                        0x080027ad   Thumb Code    56  port.o(i.vPortExitCritical)
    vPortFree                                0x080027e9   Thumb Code   140  heap_4.o(i.vPortFree)
    vPortSetupTimerInterrupt                 0x0800287d   Thumb Code    36  port.o(i.vPortSetupTimerInterrupt)
    vPortValidateInterruptPriority           0x080028a5   Thumb Code   106  port.o(i.vPortValidateInterruptPriority)
    vQueueAddToRegistry                      0x0800291d   Thumb Code    38  queue.o(i.vQueueAddToRegistry)
    vQueueWaitForMessageRestricted           0x08002949   Thumb Code    74  queue.o(i.vQueueWaitForMessageRestricted)
    vTaskDelay                               0x08002995   Thumb Code    82  tasks.o(i.vTaskDelay)
    vTaskDelete                              0x080029f1   Thumb Code   202  tasks.o(i.vTaskDelete)
    vTaskInternalSetTimeOutState             0x08002ae5   Thumb Code    14  tasks.o(i.vTaskInternalSetTimeOutState)
    vTaskMissedYield                         0x08002afd   Thumb Code     8  tasks.o(i.vTaskMissedYield)
    vTaskPlaceOnEventList                    0x08002b09   Thumb Code    52  tasks.o(i.vTaskPlaceOnEventList)
    vTaskPlaceOnEventListRestricted          0x08002b41   Thumb Code    60  tasks.o(i.vTaskPlaceOnEventListRestricted)
    vTaskStartScheduler                      0x08002b81   Thumb Code   118  tasks.o(i.vTaskStartScheduler)
    vTaskSuspendAll                          0x08002c15   Thumb Code    12  tasks.o(i.vTaskSuspendAll)
    vTaskSwitchContext                       0x08002c25   Thumb Code   118  tasks.o(i.vTaskSwitchContext)
    xPortStartScheduler                      0x08002cb1   Thumb Code   330  port.o(i.xPortStartScheduler)
    xPortSysTickHandler                      0x08002e19   Thumb Code    46  port.o(i.xPortSysTickHandler)
    xQueueGenericCreate                      0x08002e4d   Thumb Code    90  queue.o(i.xQueueGenericCreate)
    xQueueGenericReset                       0x08002ea9   Thumb Code   146  queue.o(i.xQueueGenericReset)
    xQueueGenericSend                        0x08002f41   Thumb Code   420  queue.o(i.xQueueGenericSend)
    xQueueGenericSendFromISR                 0x080030e9   Thumb Code   248  queue.o(i.xQueueGenericSendFromISR)
    xQueueReceive                            0x080031e1   Thumb Code   356  queue.o(i.xQueueReceive)
    xTaskCheckForTimeOut                     0x08003349   Thumb Code   132  tasks.o(i.xTaskCheckForTimeOut)
    xTaskCreate                              0x080033d5   Thumb Code    96  tasks.o(i.xTaskCreate)
    xTaskGetSchedulerState                   0x08003435   Thumb Code    24  tasks.o(i.xTaskGetSchedulerState)
    xTaskGetTickCount                        0x08003455   Thumb Code     6  tasks.o(i.xTaskGetTickCount)
    xTaskIncrementTick                       0x08003461   Thumb Code   282  tasks.o(i.xTaskIncrementTick)
    xTaskPriorityDisinherit                  0x080035a9   Thumb Code   188  tasks.o(i.xTaskPriorityDisinherit)
    xTaskRemoveFromEventList                 0x08003671   Thumb Code   128  tasks.o(i.xTaskRemoveFromEventList)
    xTaskResumeAll                           0x08003709   Thumb Code   224  tasks.o(i.xTaskResumeAll)
    xTimerCreateTimerTask                    0x0800380d   Thumb Code    66  timers.o(i.xTimerCreateTimerTask)
    xTimerGenericCommand                     0x08003865   Thumb Code   126  timers.o(i.xTimerGenericCommand)
    __aeabi_d2f                              0x080038e9   Thumb Code     0  d2f.o(x$fpl$d2f)
    _d2f                                     0x080038e9   Thumb Code    98  d2f.o(x$fpl$d2f)
    __aeabi_dmul                             0x0800394d   Thumb Code     0  dmul.o(x$fpl$dmul)
    _dmul                                    0x0800394d   Thumb Code   332  dmul.o(x$fpl$dmul)
    __fpl_dnaninf                            0x08003aa1   Thumb Code   156  dnaninf.o(x$fpl$dnaninf)
    __fpl_dretinf                            0x08003b3d   Thumb Code    12  dretinf.o(x$fpl$dretinf)
    __aeabi_f2d                              0x08003b49   Thumb Code     0  f2d.o(x$fpl$f2d)
    _f2d                                     0x08003b49   Thumb Code    86  f2d.o(x$fpl$f2d)
    __fpl_fnaninf                            0x08003b9f   Thumb Code   140  fnaninf.o(x$fpl$fnaninf)
    _fp_init                                 0x08003c2b   Thumb Code    10  fpinit.o(x$fpl$fpinit)
    __fplib_config_fpu_vfp                   0x08003c33   Thumb Code     0  fpinit.o(x$fpl$fpinit)
    __fplib_config_pureend_doubles           0x08003c33   Thumb Code     0  fpinit.o(x$fpl$fpinit)
    __fpl_fretinf                            0x08003c35   Thumb Code    10  fretinf.o(x$fpl$fretinf)
    F6x8                                     0x08003c3e   Data         552  bsp_oled.o(.constdata)
    __I$use$fp                               0x08003c3e   Number         0  usenofp.o(x$fpl$usenofp)
    F8X16                                    0x08003e66   Data        1520  bsp_oled.o(.constdata)
    Region$$Table$$Base                      0x08004458   Number         0  anon$$obj.o(Region$$Table)
    Region$$Table$$Limit                     0x08004478   Number         0  anon$$obj.o(Region$$Table)
    pxCurrentTCB                             0x20000000   Data           4  tasks.o(.data)
    __stdout                                 0x20000084   Data           4  usart.o(.data)
    USART_RX_STA                             0x20000088   Data           2  usart.o(.data)
    SystemCoreClock                          0x20000090   Data           4  system_stm32f4xx.o(.data)
    AHBPrescTable                            0x20000094   Data          16  system_stm32f4xx.o(.data)
    Start_Task_Handler                       0x200000a4   Data           4  start_task.o(.data)
    Led0_Task_Handler                        0x200000a8   Data           4  start_task.o(.data)
    Led1_Task_Handler                        0x200000ac   Data           4  start_task.o(.data)
    BMP1                                     0x200000b0   Data        1024  bsp_gui.o(.data)
    BMP2                                     0x200004b0   Data         800  bsp_gui.o(.data)
    mx_oled_gui_str                          0x200007d0   Data          84  bsp_gui.o(.data)
    mx_oled_gui_task1                        0x20000824   Data          84  bsp_gui.o(.data)
    mx_oled_gui_task2                        0x20000878   Data          84  bsp_gui.o(.data)
    mx_oled_gui_task3                        0x200008cc   Data          84  bsp_gui.o(.data)
    mx_oled_gui_task4                        0x20000920   Data          84  bsp_gui.o(.data)
    mx_oled_gui_task5                        0x20000974   Data          84  bsp_gui.o(.data)
    mx_oled_gui_task6                        0x200009c8   Data          84  bsp_gui.o(.data)
    mx_oled_gui_task7                        0x20000a1c   Data          84  bsp_gui.o(.data)
    xQueueRegistry                           0x20000a74   Data          64  queue.o(.bss)
    USART_RX_BUF                             0x200139c0   Data         200  usart.o(.bss)
    mx_oled_info_s                           0x20013a88   Data          16  bsp_gui.o(.bss)
    __libspace_start                         0x20013a98   Data          96  libspace.o(.bss)
    __temporary_stack_top$libspace           0x20013af8   Data           0  libspace.o(.bss)



==============================================================================

Memory Map of the image

  Image Entry point : 0x08000189

  Load Region LR_IROM1 (Base: 0x08000000, Size: 0x00004eec, Max: 0x00100000, ABSOLUTE, COMPRESSED[0x00004894])

    Execution Region ER_IROM1 (Exec base: 0x08000000, Load base: 0x08000000, Size: 0x00004478, Max: 0x00100000, ABSOLUTE)

    Exec Addr    Load Addr    Size         Type   Attr      Idx    E Section Name        Object

    0x08000000   0x08000000   0x00000188   Data   RO         6308    RESET               startup_stm32f40_41xxx.o
    0x08000188   0x08000188   0x00000008   Code   RO         7182  * !!!main             c_w.l(__main.o)
    0x08000190   0x08000190   0x00000034   Code   RO         7358    !!!scatter          c_w.l(__scatter.o)
    0x080001c4   0x080001c4   0x0000005a   Code   RO         7356    !!dczerorl2         c_w.l(__dczerorl2.o)
    0x0800021e   0x0800021e   0x00000002   PAD
    0x08000220   0x08000220   0x0000001c   Code   RO         7360    !!handler_zi        c_w.l(__scatter_zi.o)
    0x0800023c   0x0800023c   0x00000002   Code   RO         7230    .ARM.Collect$$libinit$$00000000  c_w.l(libinit.o)
    0x0800023e   0x0800023e   0x00000004   Code   RO         7236    .ARM.Collect$$libinit$$00000001  c_w.l(libinit2.o)
    0x08000242   0x08000242   0x00000000   Code   RO         7239    .ARM.Collect$$libinit$$00000004  c_w.l(libinit2.o)
    0x08000242   0x08000242   0x00000000   Code   RO         7242    .ARM.Collect$$libinit$$0000000A  c_w.l(libinit2.o)
    0x08000242   0x08000242   0x00000000   Code   RO         7244    .ARM.Collect$$libinit$$0000000C  c_w.l(libinit2.o)
    0x08000242   0x08000242   0x00000000   Code   RO         7246    .ARM.Collect$$libinit$$0000000E  c_w.l(libinit2.o)
    0x08000242   0x08000242   0x00000000   Code   RO         7249    .ARM.Collect$$libinit$$00000011  c_w.l(libinit2.o)
    0x08000242   0x08000242   0x00000000   Code   RO         7251    .ARM.Collect$$libinit$$00000013  c_w.l(libinit2.o)
    0x08000242   0x08000242   0x00000000   Code   RO         7253    .ARM.Collect$$libinit$$00000015  c_w.l(libinit2.o)
    0x08000242   0x08000242   0x00000000   Code   RO         7255    .ARM.Collect$$libinit$$00000017  c_w.l(libinit2.o)
    0x08000242   0x08000242   0x00000000   Code   RO         7257    .ARM.Collect$$libinit$$00000019  c_w.l(libinit2.o)
    0x08000242   0x08000242   0x00000000   Code   RO         7259    .ARM.Collect$$libinit$$0000001B  c_w.l(libinit2.o)
    0x08000242   0x08000242   0x00000000   Code   RO         7261    .ARM.Collect$$libinit$$0000001D  c_w.l(libinit2.o)
    0x08000242   0x08000242   0x00000000   Code   RO         7263    .ARM.Collect$$libinit$$0000001F  c_w.l(libinit2.o)
    0x08000242   0x08000242   0x00000000   Code   RO         7265    .ARM.Collect$$libinit$$00000021  c_w.l(libinit2.o)
    0x08000242   0x08000242   0x00000000   Code   RO         7267    .ARM.Collect$$libinit$$00000023  c_w.l(libinit2.o)
    0x08000242   0x08000242   0x00000000   Code   RO         7269    .ARM.Collect$$libinit$$00000025  c_w.l(libinit2.o)
    0x08000242   0x08000242   0x00000000   Code   RO         7273    .ARM.Collect$$libinit$$0000002C  c_w.l(libinit2.o)
    0x08000242   0x08000242   0x00000000   Code   RO         7275    .ARM.Collect$$libinit$$0000002E  c_w.l(libinit2.o)
    0x08000242   0x08000242   0x00000000   Code   RO         7277    .ARM.Collect$$libinit$$00000030  c_w.l(libinit2.o)
    0x08000242   0x08000242   0x00000000   Code   RO         7279    .ARM.Collect$$libinit$$00000032  c_w.l(libinit2.o)
    0x08000242   0x08000242   0x00000002   Code   RO         7280    .ARM.Collect$$libinit$$00000033  c_w.l(libinit2.o)
    0x08000244   0x08000244   0x00000002   Code   RO         7298    .ARM.Collect$$libshutdown$$00000000  c_w.l(libshutdown.o)
    0x08000246   0x08000246   0x00000000   Code   RO         7308    .ARM.Collect$$libshutdown$$00000002  c_w.l(libshutdown2.o)
    0x08000246   0x08000246   0x00000000   Code   RO         7310    .ARM.Collect$$libshutdown$$00000004  c_w.l(libshutdown2.o)
    0x08000246   0x08000246   0x00000000   Code   RO         7313    .ARM.Collect$$libshutdown$$00000007  c_w.l(libshutdown2.o)
    0x08000246   0x08000246   0x00000000   Code   RO         7316    .ARM.Collect$$libshutdown$$0000000A  c_w.l(libshutdown2.o)
    0x08000246   0x08000246   0x00000000   Code   RO         7318    .ARM.Collect$$libshutdown$$0000000C  c_w.l(libshutdown2.o)
    0x08000246   0x08000246   0x00000000   Code   RO         7321    .ARM.Collect$$libshutdown$$0000000F  c_w.l(libshutdown2.o)
    0x08000246   0x08000246   0x00000002   Code   RO         7322    .ARM.Collect$$libshutdown$$00000010  c_w.l(libshutdown2.o)
    0x08000248   0x08000248   0x00000000   Code   RO         7192    .ARM.Collect$$rtentry$$00000000  c_w.l(__rtentry.o)
    0x08000248   0x08000248   0x00000000   Code   RO         7207    .ARM.Collect$$rtentry$$00000002  c_w.l(__rtentry2.o)
    0x08000248   0x08000248   0x00000006   Code   RO         7219    .ARM.Collect$$rtentry$$00000004  c_w.l(__rtentry4.o)
    0x0800024e   0x0800024e   0x00000000   Code   RO         7209    .ARM.Collect$$rtentry$$00000009  c_w.l(__rtentry2.o)
    0x0800024e   0x0800024e   0x00000004   Code   RO         7210    .ARM.Collect$$rtentry$$0000000A  c_w.l(__rtentry2.o)
    0x08000252   0x08000252   0x00000000   Code   RO         7212    .ARM.Collect$$rtentry$$0000000C  c_w.l(__rtentry2.o)
    0x08000252   0x08000252   0x00000008   Code   RO         7213    .ARM.Collect$$rtentry$$0000000D  c_w.l(__rtentry2.o)
    0x0800025a   0x0800025a   0x00000002   Code   RO         7234    .ARM.Collect$$rtexit$$00000000  c_w.l(rtexit.o)
    0x0800025c   0x0800025c   0x00000000   Code   RO         7282    .ARM.Collect$$rtexit$$00000002  c_w.l(rtexit2.o)
    0x0800025c   0x0800025c   0x00000004   Code   RO         7283    .ARM.Collect$$rtexit$$00000003  c_w.l(rtexit2.o)
    0x08000260   0x08000260   0x00000006   Code   RO         7284    .ARM.Collect$$rtexit$$00000004  c_w.l(rtexit2.o)
    0x08000266   0x08000266   0x00000002   PAD
    0x08000268   0x08000268   0x000000be   Code   RO         1122    .emb_text           port.o
    0x08000326   0x08000326   0x00000002   PAD
    0x08000328   0x08000328   0x00000040   Code   RO         6309    .text               startup_stm32f40_41xxx.o
    0x08000368   0x08000368   0x00000002   Code   RO         7170    .text               c_w.l(use_no_semi_2.o)
    0x0800036a   0x0800036a   0x0000008a   Code   RO         7172    .text               c_w.l(rt_memcpy_v6.o)
    0x080003f4   0x080003f4   0x00000010   Code   RO         7176    .text               c_w.l(aeabi_memset.o)
    0x08000404   0x08000404   0x0000004e   Code   RO         7178    .text               c_w.l(rt_memclr_w.o)
    0x08000452   0x08000452   0x00000006   Code   RO         7180    .text               c_w.l(heapauxi.o)
    0x08000458   0x08000458   0x00000002   Code   RO         7190    .text               c_w.l(use_no_semi.o)
    0x0800045a   0x0800045a   0x00000064   Code   RO         7193    .text               c_w.l(rt_memcpy_w.o)
    0x080004be   0x080004be   0x00000044   Code   RO         7195    .text               c_w.l(rt_memclr.o)
    0x08000502   0x08000502   0x0000004a   Code   RO         7221    .text               c_w.l(sys_stackheap_outer.o)
    0x0800054c   0x0800054c   0x00000012   Code   RO         7223    .text               c_w.l(exit.o)
    0x0800055e   0x0800055e   0x00000002   PAD
    0x08000560   0x08000560   0x00000008   Code   RO         7231    .text               c_w.l(libspace.o)
    0x08000568   0x08000568   0x00000016   Code   RO         1358    i.ADC_Cmd           stm32f4xx_adc.o
    0x0800057e   0x0800057e   0x00000002   PAD
    0x08000580   0x08000580   0x00000030   Code   RO         1359    i.ADC_CommonInit    stm32f4xx_adc.o
    0x080005b0   0x080005b0   0x00000008   Code   RO         1370    i.ADC_GetConversionValue  stm32f4xx_adc.o
    0x080005b8   0x080005b8   0x00000012   Code   RO         1371    i.ADC_GetFlagStatus  stm32f4xx_adc.o
    0x080005ca   0x080005ca   0x00000002   PAD
    0x080005cc   0x080005cc   0x00000054   Code   RO         1378    i.ADC_Init          stm32f4xx_adc.o
    0x08000620   0x08000620   0x000000b8   Code   RO         1383    i.ADC_RegularChannelConfig  stm32f4xx_adc.o
    0x080006d8   0x080006d8   0x0000000a   Code   RO         1385    i.ADC_SoftwareStartConv  stm32f4xx_adc.o
    0x080006e2   0x080006e2   0x00000004   Code   RO         6646    i.BusFault_Handler  stm32f4xx_it.o
    0x080006e6   0x080006e6   0x00000002   Code   RO         6647    i.DebugMon_Handler  stm32f4xx_it.o
    0x080006e8   0x080006e8   0x00000090   Code   RO         3179    i.GPIO_Init         stm32f4xx_gpio.o
    0x08000778   0x08000778   0x00000046   Code   RO         3180    i.GPIO_PinAFConfig  stm32f4xx_gpio.o
    0x080007be   0x080007be   0x00000004   Code   RO         3186    i.GPIO_ResetBits    stm32f4xx_gpio.o
    0x080007c2   0x080007c2   0x00000004   Code   RO         3187    i.GPIO_SetBits      stm32f4xx_gpio.o
    0x080007c6   0x080007c6   0x00000004   Code   RO         6648    i.HardFault_Handler  stm32f4xx_it.o
    0x080007ca   0x080007ca   0x00000002   PAD
    0x080007cc   0x080007cc   0x0000004c   Code   RO         6793    i.LED_Init          led.o
    0x08000818   0x08000818   0x00000004   Code   RO         6649    i.MemManage_Handler  stm32f4xx_it.o
    0x0800081c   0x0800081c   0x00000002   Code   RO         6650    i.NMI_Handler       stm32f4xx_it.o
    0x0800081e   0x0800081e   0x00000002   PAD
    0x08000820   0x08000820   0x00000078   Code   RO         1203    i.NVIC_Init         misc.o
    0x08000898   0x08000898   0x00000014   Code   RO         1204    i.NVIC_PriorityGroupConfig  misc.o
    0x080008ac   0x080008ac   0x00000040   Code   RO         7056    i.OLED_Clear        bsp_oled.o
    0x080008ec   0x080008ec   0x00000076   Code   RO         7059    i.OLED_DrawBMP      bsp_oled.o
    0x08000962   0x08000962   0x0000002e   Code   RO         7060    i.OLED_Set_Pos      bsp_oled.o
    0x08000990   0x08000990   0x00000070   Code   RO         7062    i.OLED_ShowChar     bsp_oled.o
    0x08000a00   0x08000a00   0x00000084   Code   RO         7063    i.OLED_ShowNum      bsp_oled.o
    0x08000a84   0x08000a84   0x00000036   Code   RO         7064    i.OLED_ShowString   bsp_oled.o
    0x08000aba   0x08000aba   0x00000002   PAD
    0x08000abc   0x08000abc   0x00000030   Code   RO         7065    i.OLED_WR_Byte      bsp_oled.o
    0x08000aec   0x08000aec   0x00000020   Code   RO         4105    i.RCC_AHB1PeriphClockCmd  stm32f4xx_rcc.o
    0x08000b0c   0x08000b0c   0x00000020   Code   RO         4117    i.RCC_APB2PeriphClockCmd  stm32f4xx_rcc.o
    0x08000b2c   0x08000b2c   0x00000020   Code   RO         4119    i.RCC_APB2PeriphResetCmd  stm32f4xx_rcc.o
    0x08000b4c   0x08000b4c   0x000000e8   Code   RO         4126    i.RCC_GetClocksFreq  stm32f4xx_rcc.o
    0x08000c34   0x08000c34   0x00000038   Code   RO         6820    i.SPI1_ReadWriteByte  bsp_spi.o
    0x08000c6c   0x08000c6c   0x00000018   Code   RO         5263    i.SPI_Cmd           stm32f4xx_spi.o
    0x08000c84   0x08000c84   0x00000012   Code   RO         5271    i.SPI_I2S_GetFlagStatus  stm32f4xx_spi.o
    0x08000c96   0x08000c96   0x00000006   Code   RO         5274    i.SPI_I2S_ReceiveData  stm32f4xx_spi.o
    0x08000c9c   0x08000c9c   0x00000004   Code   RO         5275    i.SPI_I2S_SendData  stm32f4xx_spi.o
    0x08000ca0   0x08000ca0   0x0000003c   Code   RO         5276    i.SPI_Init          stm32f4xx_spi.o
    0x08000cdc   0x08000cdc   0x000000ec   Code   RO         6703    i.SetSysClock       system_stm32f4xx.o
    0x08000dc8   0x08000dc8   0x00000028   Code   RO         1207    i.SysTick_CLKSourceConfig  misc.o
    0x08000df0   0x08000df0   0x00000010   Code   RO         6406    i.SysTick_Handler   delay.o
    0x08000e00   0x08000e00   0x00000068   Code   RO         6705    i.SystemInit        system_stm32f4xx.o
    0x08000e68   0x08000e68   0x00000088   Code   RO         6341    i.USART1_IRQHandler  usart.o
    0x08000ef0   0x08000ef0   0x00000018   Code   RO         6055    i.USART_Cmd         stm32f4xx_usart.o
    0x08000f08   0x08000f08   0x00000054   Code   RO         6059    i.USART_GetITStatus  stm32f4xx_usart.o
    0x08000f5c   0x08000f5c   0x0000004a   Code   RO         6061    i.USART_ITConfig    stm32f4xx_usart.o
    0x08000fa6   0x08000fa6   0x00000002   PAD
    0x08000fa8   0x08000fa8   0x000000d4   Code   RO         6062    i.USART_Init        stm32f4xx_usart.o
    0x0800107c   0x0800107c   0x0000000a   Code   RO         6069    i.USART_ReceiveData  stm32f4xx_usart.o
    0x08001086   0x08001086   0x00000004   Code   RO         6651    i.UsageFault_Handler  stm32f4xx_it.o
    0x0800108a   0x0800108a   0x00000004   Code   RO         6342    i._sys_exit         usart.o
    0x0800108e   0x0800108e   0x00000002   PAD
    0x08001090   0x08001090   0x0000002c   Code   RO         6744    i.create_start_task  start_task.o
    0x080010bc   0x080010bc   0x00000002   Code   RO         6905    i.dbus_show         bsp_gui.o
    0x080010be   0x080010be   0x00000002   PAD
    0x080010c0   0x080010c0   0x00000044   Code   RO         6407    i.delay_init        delay.o
    0x08001104   0x08001104   0x00000040   Code   RO         6408    i.delay_ms          delay.o
    0x08001144   0x08001144   0x00000048   Code   RO         6409    i.delay_us          delay.o
    0x0800118c   0x0800118c   0x0000002e   Code   RO         6860    i.get_adc_average   bsp_adc.o
    0x080011ba   0x080011ba   0x00000002   PAD
    0x080011bc   0x080011bc   0x000000dc   Code   RO         6906    i.get_oled_button_ad  bsp_gui.o
    0x08001298   0x08001298   0x00000070   Code   RO         6861    i.get_real_adc_average  bsp_adc.o
    0x08001308   0x08001308   0x0000000c   Code   RO         6908    i.gui_lock          bsp_gui.o
    0x08001314   0x08001314   0x00000002   Code   RO         6909    i.gui_unlock_s      bsp_gui.o
    0x08001316   0x08001316   0x00000002   Code   RO         6910    i.ina226_task3      bsp_gui.o
    0x08001318   0x08001318   0x0000008c   Code   RO         6911    i.interface_finger  bsp_gui.o
    0x080013a4   0x080013a4   0x00000134   Code   RO         6912    i.interface_main    bsp_gui.o
    0x080014d8   0x080014d8   0x00000048   Code   RO         6913    i.interface_second  bsp_gui.o
    0x08001520   0x08001520   0x00000054   Code   RO         6914    i.interface_task1   bsp_gui.o
    0x08001574   0x08001574   0x00000054   Code   RO         6915    i.interface_task2   bsp_gui.o
    0x080015c8   0x080015c8   0x00000054   Code   RO         6916    i.interface_task3   bsp_gui.o
    0x0800161c   0x0800161c   0x00000018   Code   RO         6917    i.interface_task4   bsp_gui.o
    0x08001634   0x08001634   0x00000018   Code   RO         6918    i.interface_task5   bsp_gui.o
    0x0800164c   0x0800164c   0x00000018   Code   RO         6919    i.interface_task6   bsp_gui.o
    0x08001664   0x08001664   0x00000018   Code   RO         6920    i.interface_task7   bsp_gui.o
    0x0800167c   0x0800167c   0x00000012   Code   RO         6745    i.led0_task         start_task.o
    0x0800168e   0x0800168e   0x00000002   PAD
    0x08001690   0x08001690   0x00000034   Code   RO         6746    i.led1_task         start_task.o
    0x080016c4   0x080016c4   0x00000036   Code   RO         6459    i.main              main.o
    0x080016fa   0x080016fa   0x00000002   PAD
    0x080016fc   0x080016fc   0x00000090   Code   RO         6862    i.mx_adc_init       bsp_adc.o
    0x0800178c   0x0800178c   0x00000030   Code   RO         6863    i.mx_get_adc        bsp_adc.o
    0x080017bc   0x080017bc   0x00000124   Code   RO         7067    i.mx_oled_init      bsp_oled.o
    0x080018e0   0x080018e0   0x0000003c   Code   RO         7068    i.mx_oled_io_init   bsp_oled.o
    0x0800191c   0x0800191c   0x000000b0   Code   RO         6822    i.mx_spi1_init      bsp_spi.o
    0x080019cc   0x080019cc   0x00000028   Code   RO         6921    i.oled_gui_init     bsp_gui.o
    0x080019f4   0x080019f4   0x00000016   Code   RO         7070    i.oled_pow          bsp_oled.o
    0x08001a0a   0x08001a0a   0x00000002   PAD
    0x08001a0c   0x08001a0c   0x00000098   Code   RO          567    i.prvAddCurrentTaskToDelayedList  tasks.o
    0x08001aa4   0x08001aa4   0x000000b8   Code   RO          568    i.prvAddNewTaskToReadyList  tasks.o
    0x08001b5c   0x08001b5c   0x00000064   Code   RO          919    i.prvCheckForValidListAndQueue  timers.o
    0x08001bc0   0x08001bc0   0x00000048   Code   RO          569    i.prvCheckTasksWaitingTermination  tasks.o
    0x08001c08   0x08001c08   0x0000002a   Code   RO          190    i.prvCopyDataFromQueue  queue.o
    0x08001c32   0x08001c32   0x0000007e   Code   RO          191    i.prvCopyDataToQueue  queue.o
    0x08001cb0   0x08001cb0   0x00000012   Code   RO          570    i.prvDeleteTCB      tasks.o
    0x08001cc2   0x08001cc2   0x00000002   PAD
    0x08001cc4   0x08001cc4   0x00000028   Code   RO          920    i.prvGetNextExpireTime  timers.o
    0x08001cec   0x08001cec   0x0000007c   Code   RO         1073    i.prvHeapInit       heap_4.o
    0x08001d68   0x08001d68   0x00000028   Code   RO          571    i.prvIdleTask       tasks.o
    0x08001d90   0x08001d90   0x0000002a   Code   RO          194    i.prvInitialiseNewQueue  queue.o
    0x08001dba   0x08001dba   0x000000be   Code   RO          572    i.prvInitialiseNewTask  tasks.o
    0x08001e78   0x08001e78   0x00000068   Code   RO          573    i.prvInitialiseTaskLists  tasks.o
    0x08001ee0   0x08001ee0   0x00000068   Code   RO         1074    i.prvInsertBlockIntoFreeList  heap_4.o
    0x08001f48   0x08001f48   0x00000058   Code   RO          922    i.prvInsertTimerInActiveList  timers.o
    0x08001fa0   0x08001fa0   0x0000001a   Code   RO          195    i.prvIsQueueEmpty   queue.o
    0x08001fba   0x08001fba   0x0000001e   Code   RO          196    i.prvIsQueueFull    queue.o
    0x08001fd8   0x08001fd8   0x00000074   Code   RO          923    i.prvProcessExpiredTimer  timers.o
    0x0800204c   0x0800204c   0x00000138   Code   RO          924    i.prvProcessReceivedCommands  timers.o
    0x08002184   0x08002184   0x00000074   Code   RO          925    i.prvProcessTimerOrBlockTask  timers.o
    0x080021f8   0x080021f8   0x00000034   Code   RO          575    i.prvResetNextTaskUnblockTime  tasks.o
    0x0800222c   0x0800222c   0x0000002c   Code   RO          926    i.prvSampleTimeNow  timers.o
    0x08002258   0x08002258   0x000000a4   Code   RO          927    i.prvSwitchTimerLists  timers.o
    0x080022fc   0x080022fc   0x00000040   Code   RO         1123    i.prvTaskExitError  port.o
    0x0800233c   0x0800233c   0x0000001a   Code   RO          928    i.prvTimerTask      timers.o
    0x08002356   0x08002356   0x0000007e   Code   RO          197    i.prvUnlockQueue    queue.o
    0x080023d4   0x080023d4   0x0000013c   Code   RO         1075    i.pvPortMalloc      heap_4.o
    0x08002510   0x08002510   0x0000002c   Code   RO         1124    i.pxPortInitialiseStack  port.o
    0x0800253c   0x0800253c   0x00000028   Code   RO         6922    i.range_comparison  bsp_gui.o
    0x08002564   0x08002564   0x00000064   Code   RO         6747    i.start_task        start_task.o
    0x080025c8   0x080025c8   0x0000004c   Code   RO         6923    i.task1_adc_button  bsp_gui.o
    0x08002614   0x08002614   0x00000002   Code   RO         6924    i.task2_imu         bsp_gui.o
    0x08002616   0x08002616   0x00000002   Code   RO         6925    i.task2_temp        bsp_gui.o
    0x08002618   0x08002618   0x000000ac   Code   RO         6344    i.uart_init         usart.o
    0x080026c4   0x080026c4   0x00000028   Code   RO          150    i.uxListRemove      list.o
    0x080026ec   0x080026ec   0x0000001a   Code   RO          151    i.vListInitialise   list.o
    0x08002706   0x08002706   0x00000006   Code   RO          152    i.vListInitialiseItem  list.o
    0x0800270c   0x0800270c   0x00000034   Code   RO          153    i.vListInsert       list.o
    0x08002740   0x08002740   0x00000018   Code   RO          154    i.vListInsertEnd    list.o
    0x08002758   0x08002758   0x00000054   Code   RO         1126    i.vPortEnterCritical  port.o
    0x080027ac   0x080027ac   0x0000003c   Code   RO         1127    i.vPortExitCritical  port.o
    0x080027e8   0x080027e8   0x00000094   Code   RO         1076    i.vPortFree         heap_4.o
    0x0800287c   0x0800287c   0x00000028   Code   RO         1128    i.vPortSetupTimerInterrupt  port.o
    0x080028a4   0x080028a4   0x00000078   Code   RO         1129    i.vPortValidateInterruptPriority  port.o
    0x0800291c   0x0800291c   0x0000002c   Code   RO          203    i.vQueueAddToRegistry  queue.o
    0x08002948   0x08002948   0x0000004a   Code   RO          207    i.vQueueWaitForMessageRestricted  queue.o
    0x08002992   0x08002992   0x00000002   PAD
    0x08002994   0x08002994   0x0000005c   Code   RO          586    i.vTaskDelay        tasks.o
    0x080029f0   0x080029f0   0x000000f4   Code   RO          588    i.vTaskDelete       tasks.o
    0x08002ae4   0x08002ae4   0x00000018   Code   RO          591    i.vTaskInternalSetTimeOutState  tasks.o
    0x08002afc   0x08002afc   0x0000000c   Code   RO          592    i.vTaskMissedYield  tasks.o
    0x08002b08   0x08002b08   0x00000038   Code   RO          594    i.vTaskPlaceOnEventList  tasks.o
    0x08002b40   0x08002b40   0x00000040   Code   RO          595    i.vTaskPlaceOnEventListRestricted  tasks.o
    0x08002b80   0x08002b80   0x00000094   Code   RO          603    i.vTaskStartScheduler  tasks.o
    0x08002c14   0x08002c14   0x00000010   Code   RO          605    i.vTaskSuspendAll   tasks.o
    0x08002c24   0x08002c24   0x0000008c   Code   RO          606    i.vTaskSwitchContext  tasks.o
    0x08002cb0   0x08002cb0   0x00000168   Code   RO         1130    i.xPortStartScheduler  port.o
    0x08002e18   0x08002e18   0x00000034   Code   RO         1131    i.xPortSysTickHandler  port.o
    0x08002e4c   0x08002e4c   0x0000005a   Code   RO          210    i.xQueueGenericCreate  queue.o
    0x08002ea6   0x08002ea6   0x00000002   PAD
    0x08002ea8   0x08002ea8   0x00000098   Code   RO          211    i.xQueueGenericReset  queue.o
    0x08002f40   0x08002f40   0x000001a8   Code   RO          212    i.xQueueGenericSend  queue.o
    0x080030e8   0x080030e8   0x000000f8   Code   RO          213    i.xQueueGenericSendFromISR  queue.o
    0x080031e0   0x080031e0   0x00000168   Code   RO          220    i.xQueueReceive     queue.o
    0x08003348   0x08003348   0x0000008c   Code   RO          607    i.xTaskCheckForTimeOut  tasks.o
    0x080033d4   0x080033d4   0x00000060   Code   RO          608    i.xTaskCreate       tasks.o
    0x08003434   0x08003434   0x00000020   Code   RO          612    i.xTaskGetSchedulerState  tasks.o
    0x08003454   0x08003454   0x0000000c   Code   RO          613    i.xTaskGetTickCount  tasks.o
    0x08003460   0x08003460   0x00000148   Code   RO          615    i.xTaskIncrementTick  tasks.o
    0x080035a8   0x080035a8   0x000000c8   Code   RO          618    i.xTaskPriorityDisinherit  tasks.o
    0x08003670   0x08003670   0x00000098   Code   RO          620    i.xTaskRemoveFromEventList  tasks.o
    0x08003708   0x08003708   0x00000104   Code   RO          621    i.xTaskResumeAll    tasks.o
    0x0800380c   0x0800380c   0x00000058   Code   RO          935    i.xTimerCreateTimerTask  timers.o
    0x08003864   0x08003864   0x00000084   Code   RO          936    i.xTimerGenericCommand  timers.o
    0x080038e8   0x080038e8   0x00000062   Code   RO         7184    x$fpl$d2f           fz_wm.l(d2f.o)
    0x0800394a   0x0800394a   0x00000002   PAD
    0x0800394c   0x0800394c   0x00000154   Code   RO         7186    x$fpl$dmul          fz_wm.l(dmul.o)
    0x08003aa0   0x08003aa0   0x0000009c   Code   RO         7197    x$fpl$dnaninf       fz_wm.l(dnaninf.o)
    0x08003b3c   0x08003b3c   0x0000000c   Code   RO         7199    x$fpl$dretinf       fz_wm.l(dretinf.o)
    0x08003b48   0x08003b48   0x00000056   Code   RO         7188    x$fpl$f2d           fz_wm.l(f2d.o)
    0x08003b9e   0x08003b9e   0x0000008c   Code   RO         7201    x$fpl$fnaninf       fz_wm.l(fnaninf.o)
    0x08003c2a   0x08003c2a   0x0000000a   Code   RO         7290    x$fpl$fpinit        fz_wm.l(fpinit.o)
    0x08003c34   0x08003c34   0x0000000a   Code   RO         7203    x$fpl$fretinf       fz_wm.l(fretinf.o)
    0x08003c3e   0x08003c3e   0x00000000   Code   RO         7205    x$fpl$usenofp       fz_wm.l(usenofp.o)
    0x08003c3e   0x08003c3e   0x00000818   Data   RO         7071    .constdata          bsp_oled.o
    0x08004456   0x08004456   0x00000002   PAD
    0x08004458   0x08004458   0x00000020   Data   RO         7354    Region$$Table       anon$$obj.o


    Execution Region RW_IRAM1 (Exec base: 0x20000000, Load base: 0x08004478, Size: 0x000140f8, Max: 0x00020000, ABSOLUTE, COMPRESSED[0x0000041c])

    Exec Addr    Load Addr    Size         Type   Attr      Idx    E Section Name        Object

    0x20000000   COMPRESSED   0x0000003c   Data   RW          624    .data               tasks.o
    0x2000003c   COMPRESSED   0x00000014   Data   RW          942    .data               timers.o
    0x20000050   COMPRESSED   0x00000018   Data   RW         1081    .data               heap_4.o
    0x20000068   COMPRESSED   0x0000000c   Data   RW         1132    .data               port.o
    0x20000074   COMPRESSED   0x00000010   Data   RW         4158    .data               stm32f4xx_rcc.o
    0x20000084   COMPRESSED   0x00000006   Data   RW         6346    .data               usart.o
    0x2000008a   COMPRESSED   0x00000004   Data   RW         6411    .data               delay.o
    0x2000008e   COMPRESSED   0x00000002   PAD
    0x20000090   COMPRESSED   0x00000014   Data   RW         6706    .data               system_stm32f4xx.o
    0x200000a4   COMPRESSED   0x0000000c   Data   RW         6748    .data               start_task.o
    0x200000b0   COMPRESSED   0x000009c3   Data   RW         6927    .data               bsp_gui.o
    0x20000a73   COMPRESSED   0x00000001   PAD
    0x20000a74        -       0x00000040   Zero   RW          224    .bss                queue.o
    0x20000ab4        -       0x000002e4   Zero   RW          623    .bss                tasks.o
    0x20000d98        -       0x00000028   Zero   RW          941    .bss                timers.o
    0x20000dc0        -       0x00012c00   Zero   RW         1080    .bss                heap_4.o
    0x200139c0        -       0x000000c8   Zero   RW         6345    .bss                usart.o
    0x20013a88        -       0x00000010   Zero   RW         6926    .bss                bsp_gui.o
    0x20013a98        -       0x00000060   Zero   RW         7232    .bss                c_w.l(libspace.o)
    0x20013af8        -       0x00000200   Zero   RW         6307    HEAP                startup_stm32f40_41xxx.o
    0x20013cf8        -       0x00000400   Zero   RW         6306    STACK               startup_stm32f40_41xxx.o


==============================================================================

Image component sizes


      Code (inc. data)   RO Data    RW Data    ZI Data      Debug   Object Name

       350         26          0          0          0       2836   bsp_adc.o
      1266        182          0       2499         16      12599   bsp_gui.o
       948         22       2072          0          0       8088   bsp_oled.o
       232         14          0          0          0       1296   bsp_spi.o
         0          0          0          0          0      11964   croutine.o
       220         18          0          4          0       2757   delay.o
         0          0          0          0          0       9772   event_groups.o
       692         62          0         24      76800       4831   heap_4.o
        76          8          0          0          0        579   led.o
       148          0          0          0          0       3654   list.o
        54          0          0          0          0     261467   main.o
       180         24          0          0          0     292033   misc.o
      1014         92          0         12          0      12205   port.o
      1784         20          0          0         64      16670   queue.o
       214         80          0         12          0       2522   start_task.o
        64         26        392          0       1536        868   startup_stm32f40_41xxx.o
       374         24          0          0          0       6426   stm32f4xx_adc.o
       222          0          0          0          0       3479   stm32f4xx_gpio.o
        20          0          0          0          0       3065   stm32f4xx_it.o
       328         36          0         16          0       5323   stm32f4xx_rcc.o
       112          0          0          0          0       4186   stm32f4xx_spi.o
       404          8          0          0          0       4950   stm32f4xx_usart.o
       340         32          0         20          0       2101   system_stm32f4xx.o
      2828        390          0         60        740      26400   tasks.o
      1226        116          0         20         40      23475   timers.o
       312         22          0          6        200       4132   usart.o

    ----------------------------------------------------------------------
     13440       1202       2498       2676      79396     727678   Object Totals
         0          0         32          0          0          0   (incl. Generated)
        32          0          2          3          0          0   (incl. Padding)

    ----------------------------------------------------------------------

      Code (inc. data)   RO Data    RW Data    ZI Data      Debug   Library Member Name

        90          0          0          0          0          0   __dczerorl2.o
         8          0          0          0          0         68   __main.o
         0          0          0          0          0          0   __rtentry.o
        12          0          0          0          0          0   __rtentry2.o
         6          0          0          0          0          0   __rtentry4.o
        52          8          0          0          0          0   __scatter.o
        28          0          0          0          0          0   __scatter_zi.o
        16          0          0          0          0         68   aeabi_memset.o
        18          0          0          0          0         80   exit.o
         6          0          0          0          0        152   heapauxi.o
         2          0          0          0          0          0   libinit.o
         6          0          0          0          0          0   libinit2.o
         2          0          0          0          0          0   libshutdown.o
         2          0          0          0          0          0   libshutdown2.o
         8          4          0          0         96         68   libspace.o
        68          0          0          0          0         68   rt_memclr.o
        78          0          0          0          0         80   rt_memclr_w.o
       138          0          0          0          0         68   rt_memcpy_v6.o
       100          0          0          0          0         80   rt_memcpy_w.o
         2          0          0          0          0          0   rtexit.o
        10          0          0          0          0          0   rtexit2.o
        74          0          0          0          0         80   sys_stackheap_outer.o
         2          0          0          0          0         68   use_no_semi.o
         2          0          0          0          0         68   use_no_semi_2.o
        98          4          0          0          0        140   d2f.o
       340         12          0          0          0        152   dmul.o
       156          4          0          0          0        140   dnaninf.o
        12          0          0          0          0        116   dretinf.o
        86          4          0          0          0        132   f2d.o
       140          4          0          0          0        132   fnaninf.o
        10          0          0          0          0        116   fpinit.o
        10          0          0          0          0        116   fretinf.o
         0          0          0          0          0          0   usenofp.o

    ----------------------------------------------------------------------
      1590         40          0          0         96       1992   Library Totals
         8          0          0          0          0          0   (incl. Padding)

    ----------------------------------------------------------------------

      Code (inc. data)   RO Data    RW Data    ZI Data      Debug   Library Name

       730         12          0          0         96        948   c_w.l
       852         28          0          0          0       1044   fz_wm.l

    ----------------------------------------------------------------------
      1590         40          0          0         96       1992   Library Totals

    ----------------------------------------------------------------------

==============================================================================


      Code (inc. data)   RO Data    RW Data    ZI Data      Debug   

     15030       1242       2498       2676      79492     713954   Grand Totals
     15030       1242       2498       1052      79492     713954   ELF Image Totals (compressed)
     15030       1242       2498       1052          0          0   ROM Totals

==============================================================================

    Total RO  Size (Code + RO Data)                17528 (  17.12kB)
    Total RW  Size (RW Data + ZI Data)             82168 (  80.24kB)
    Total ROM Size (Code + RO Data + RW Data)      18580 (  18.14kB)

==============================================================================

